Info: Starting: Create block symbol file (.bsf)
Info: qsys-generate "C:\Users\ezrar\cornell-classes\Spring 2026\ECE 5760\stereo_vision\computer_15_640_video_mod\computer_15_640_video_mod\verilog\Computer_System.qsys" --block-symbol-file --output-directory="C:\Users\ezrar\cornell-classes\Spring 2026\ECE 5760\stereo_vision\computer_15_640_video_mod\computer_15_640_video_mod\verilog\Computer_System" --family="Cyclone V" --part=5CSEMA5F31C6
Progress: Loading verilog/Computer_System.qsys
Progress: Reading input file
Progress: Adding ARM_A9_HPS [altera_hps 18.1]
Progress: Parameterizing module ARM_A9_HPS
Progress: Adding AV_Config [altera_up_avalon_audio_and_video_config 18.0]
Progress: Parameterizing module AV_Config
Progress: Adding EBAB_video_in [altera_up_external_bus_to_avalon_bridge 18.0]
Progress: Parameterizing module EBAB_video_in
Progress: Adding Onchip_SRAM [stereo_onchip_ram 1.0]
Progress: Parameterizing module Onchip_SRAM
Progress: Adding Pixel_DMA_Addr_Translation [altera_up_avalon_video_dma_ctrl_addr_trans 18.0]
Progress: Parameterizing module Pixel_DMA_Addr_Translation
Progress: Adding SDRAM [altera_avalon_new_sdram_controller 18.1]
Progress: Parameterizing module SDRAM
Progress: Adding System_PLL [altera_up_avalon_sys_sdram_pll 18.0]
Progress: Parameterizing module System_PLL
Progress: Adding VGA_Subsystem [VGA_Subsystem 1.0]
