Info: Starting: Create block symbol file (.bsf)
Info: qsys-generate "C:\Users\ezrar\cornell-classes\Spring 2026\ECE 5760\stereo_vision\computer_15_640_video_mod\computer_15_640_video_mod\verilog\Computer_System.qsys" --block-symbol-file --output-directory="C:\Users\ezrar\cornell-classes\Spring 2026\ECE 5760\stereo_vision\computer_15_640_video_mod\computer_15_640_video_mod\verilog\Computer_System" --family="Cyclone V" --part=5CSEMA5F31C6
Progress: Loading verilog/Computer_System.qsys
Progress: Reading input file
Progress: Adding ARM_A9_HPS [altera_hps 18.1]
Progress: Parameterizing module ARM_A9_HPS
Progress: Adding AV_Config [altera_up_avalon_audio_and_video_config 18.0]
Progress: Parameterizing module AV_Config
Progress: Adding EBAB_video_in [altera_up_external_bus_to_avalon_bridge 18.0]
Progress: Parameterizing module EBAB_video_in
Progress: Adding Onchip_SRAM [stereo_onchip_ram 1.0]
Progress: Parameterizing module Onchip_SRAM
Progress: Adding Pixel_DMA_Addr_Translation [altera_up_avalon_video_dma_ctrl_addr_trans 18.0]
Progress: Parameterizing module Pixel_DMA_Addr_Translation
Progress: Adding SDRAM [altera_avalon_new_sdram_controller 18.1]
Progress: Parameterizing module SDRAM
Progress: Adding System_PLL [altera_up_avalon_sys_sdram_pll 18.0]
Progress: Parameterizing module System_PLL
Progress: Adding VGA_Subsystem [VGA_Subsystem 1.0]
Progress: Reading input file
Progress: Adding Sys_Clk [clock_source 18.1]
Progress: Parameterizing module Sys_Clk
Progress: Adding VGA_Alpha_Blender [altera_up_avalon_video_alpha_blender 18.0]
Progress: Parameterizing module VGA_Alpha_Blender
Progress: Adding VGA_Char_Buffer [altera_up_avalon_video_character_buffer_with_dma 18.0]
Progress: Parameterizing module VGA_Char_Buffer
Progress: Adding VGA_Controller [altera_up_avalon_video_vga_controller 18.0]
Progress: Parameterizing module VGA_Controller
Progress: Adding VGA_Dual_Clock_FIFO [altera_up_avalon_video_dual_clock_buffer 18.0]
Progress: Parameterizing module VGA_Dual_Clock_FIFO
Progress: Adding VGA_PLL [altera_up_avalon_video_pll 18.0]
Progress: Parameterizing module VGA_PLL
Progress: Adding VGA_Pixel_DMA [altera_up_avalon_video_pixel_buffer_dma 18.0]
Progress: Parameterizing module VGA_Pixel_DMA
Progress: Adding VGA_Pixel_FIFO [altera_up_avalon_video_dual_clock_buffer 18.0]
Progress: Parameterizing module VGA_Pixel_FIFO
Progress: Adding VGA_Pixel_RGB_Resampler [altera_up_avalon_video_rgb_resampler 18.0]
Progress: Parameterizing module VGA_Pixel_RGB_Resampler
Progress: Building connections
Progress: Parameterizing connections
Progress: Validating
Progress: Done reading input file
Progress: Parameterizing module VGA_Subsystem
Progress: Adding Video_In_DMA_Addr_Translation [altera_up_avalon_video_dma_ctrl_addr_trans 18.0]
Progress: Parameterizing module Video_In_DMA_Addr_Translation
Progress: Adding Video_In_Subsystem [Video_In_Subsystem 1.0]
Progress: Reading input file
Progress: Adding Edge_Detection_Subsystem [Edge_Detection_Subsystem 1.0]
Progress: Reading input file
Progress: Adding Chroma_Filter [altera_up_avalon_video_chroma_resampler 15.1]
Warning: Chroma_Filter: Used altera_up_avalon_video_chroma_resampler 18.0 (instead of 15.1)
Progress: Parameterizing module Chroma_Filter
Progress: Adding Chroma_Upsampler [altera_up_avalon_video_chroma_resampler 15.1]
Warning: Chroma_Upsampler: Used altera_up_avalon_video_chroma_resampler 18.0 (instead of 15.1)
Progress: Parameterizing module Chroma_Upsampler
Progress: Adding Edge_Detection [altera_up_avalon_video_edge_detection 15.1]
Warning: Edge_Detection: Used altera_up_avalon_video_edge_detection 18.0 (instead of 15.1)
Progress: Parameterizing module Edge_Detection
Progress: Adding Edge_Detection_Router_Controller [altera_avalon_pio 15.1]
Warning: Edge_Detection_Router_Controller: Used altera_avalon_pio 18.1 (instead of 15.1)
Progress: Parameterizing module Edge_Detection_Router_Controller
Progress: Adding Sys_Clk [clock_source 15.1]
Warning: Sys_Clk: Used clock_source 18.1 (instead of 15.1)
Progress: Parameterizing module Sys_Clk
Progress: Adding Video_Stream_Merger [altera_up_avalon_video_stream_router 15.1]
Warning: Video_Stream_Merger: Used altera_up_avalon_video_stream_router 18.0 (instead of 15.1)
Progress: Parameterizing module Video_Stream_Merger
Progress: Adding Video_Stream_Splitter [altera_up_avalon_video_stream_router 15.1]
Warning: Video_Stream_Splitter: Used altera_up_avalon_video_stream_router 18.0 (instead of 15.1)
Progress: Parameterizing module Video_Stream_Splitter
Progress: Building connections
Progress: Parameterizing connections
Progress: Validating
Progress: Done reading input file
Progress: Parameterizing module Edge_Detection_Subsystem
Progress: Adding Sys_Clk [clock_source 18.1]
Progress: Parameterizing module Sys_Clk
Progress: Adding Video_In [altera_up_avalon_video_decoder 18.0]
Progress: Parameterizing module Video_In
Progress: Adding Video_In_CSC [altera_up_avalon_video_csc 18.0]
Progress: Parameterizing module Video_In_CSC
Progress: Adding Video_In_Chroma_Resampler [altera_up_avalon_video_chroma_resampler 18.0]
Progress: Parameterizing module Video_In_Chroma_Resampler
Progress: Adding Video_In_Clipper [altera_up_avalon_video_clipper 18.0]
Progress: Parameterizing module Video_In_Clipper
Progress: Adding Video_In_DMA [altera_up_avalon_video_dma_controller 18.0]
Progress: Parameterizing module Video_In_DMA
Progress: Adding Video_In_RGB_Resampler [altera_up_avalon_video_rgb_resampler 18.0]
Progress: Parameterizing module Video_In_RGB_Resampler
Progress: Adding Video_In_Scaler [altera_up_avalon_video_scaler 18.0]
Progress: Parameterizing module Video_In_Scaler
Progress: Building connections
Progress: Parameterizing connections
Progress: Validating
Progress: Done reading input file
Progress: Parameterizing module Video_In_Subsystem
Progress: Adding clock_bridge_0 [altera_clock_bridge 18.1]
Progress: Parameterizing module clock_bridge_0
Progress: Adding pio_0 [altera_avalon_pio 18.1]
Progress: Parameterizing module pio_0
Progress: Adding pio_big_pen [altera_avalon_pio 18.1]
Progress: Parameterizing module pio_big_pen
Progress: Adding pio_max_disp [altera_avalon_pio 18.1]
Progress: Parameterizing module pio_max_disp
Progress: Adding pio_min_disp [altera_avalon_pio 18.1]
Progress: Parameterizing module pio_min_disp
Progress: Adding pio_small_pen [altera_avalon_pio 18.1]
Progress: Parameterizing module pio_small_pen
Progress: Building connections
Progress: Parameterizing connections
Progress: Validating
Progress: Done reading input file
Info: Computer_System.ARM_A9_HPS: HPS Main PLL counter settings: n = 0  m = 73
Info: Computer_System.ARM_A9_HPS: HPS peripherial PLL counter settings: n = 0  m = 39
Warning: Computer_System.ARM_A9_HPS: "Configuration/HPS-to-FPGA user 0 clock frequency" (desired_cfg_clk_mhz) requested 100.0 MHz, but only achieved 97.368421 MHz
Warning: Computer_System.ARM_A9_HPS: "QSPI clock frequency" (desired_qspi_clk_mhz) requested 400.0 MHz, but only achieved 370.0 MHz
Warning: Computer_System.ARM_A9_HPS: 1 or more output clock frequencies cannot be achieved precisely, consider revising desired output clock frequencies.
Warning: Computer_System.Pixel_DMA_Addr_Translation.master: Master needs a minimum address width of 3 bits (has 2)
Info: Computer_System.SDRAM: SDRAM Controller will only be supported in Quartus Prime Standard Edition in the future release.
Info: Computer_System.System_PLL: Refclk Freq: 50.0
Info: Computer_System.VGA_Subsystem.VGA_Char_Buffer: Character Resolution: 80 x 60
Info: Computer_System.VGA_Subsystem.VGA_Controller: Video Output Stream: Format: 640 x 480 with Color: 10 (bits) x 3 (planes) converted to 8 (bits) per color plane
Info: Computer_System.VGA_Subsystem.VGA_Pixel_RGB_Resampler: RGB Resampling: 8 (bits) x 1 (planes) -> 10 (bits) x 3 (planes)
Warning: Computer_System.VGA_Subsystem.VGA_Pixel_RGB_Resampler: VGA_Pixel_RGB_Resampler.avalon_rgb_slave must be connected to an Avalon-MM master
Warning: Computer_System.Video_In_DMA_Addr_Translation.master: Master needs a minimum address width of 3 bits (has 2)
Info: Computer_System.Video_In_Subsystem.Edge_Detection_Subsystem.Chroma_Filter: Chroma Resampling: 8 (bits) x 3 (planes) -> 8 (bits) x 1 (planes)
Info: Computer_System.Video_In_Subsystem.Edge_Detection_Subsystem.Chroma_Upsampler: Chroma Resampling: 8 (bits) x 1 (planes) -> 8 (bits) x 3 (planes)
Info: Computer_System.Video_In_Subsystem.Video_In: Video In Stream: Format: 720 x 244 (Odd Frames) or 720 x 243 (Even Frames) with Colour: 8 (bits) x 2 (planes) (YCrCb 4:2:2)
Info: Computer_System.Video_In_Subsystem.Video_In_CSC: Colour Space Conversion: 8 (bits) x 3 (planes) (444 YCrCb) -> 8 (bits) x 3 (planes) (24-bit RGB)
Info: Computer_System.Video_In_Subsystem.Video_In_Chroma_Resampler: Chroma Resampling: 8 (bits) x 2 (planes) -> 8 (bits) x 3 (planes)
Info: Computer_System.Video_In_Subsystem.Video_In_Clipper: Change in Resolution: 720 x 288 -> 640 x 200
Info: Computer_System.Video_In_Subsystem.Video_In_RGB_Resampler: RGB Resampling: 8 (bits) x 3 (planes) -> 8 (bits) x 1 (planes)
Warning: Computer_System.Video_In_Subsystem.Video_In_RGB_Resampler: Video_In_RGB_Resampler.avalon_rgb_slave must be connected to an Avalon-MM master
Info: Computer_System.pio_0: PIO inputs are not hardwired in test bench. Undefined values will be read from PIO inputs during simulation.
Info: qsys-generate succeeded.
Info: Stopping: Create block symbol file (.bsf)
