Info: Starting: Create simulation model
Info: qsys-generate C:\Users\er495\stereo_vision\computer_15_640_video_mod\computer_15_640_video_mod\verilog\Computer_System.qsys --simulation=VERILOG --allow-mixed-language-simulation --output-directory=C:\Users\er495\stereo_vision\computer_15_640_video_mod\computer_15_640_video_mod\verilog\VGA_Subsystem\simulation --family="Cyclone V" --part=5CSEMA5F31C6
Progress: Loading verilog/Computer_System.qsys
Progress: Reading input file
Progress: Adding ARM_A9_HPS [altera_hps 18.1]
Progress: Parameterizing module ARM_A9_HPS
Progress: Adding AV_Config [altera_up_avalon_audio_and_video_config 18.0]
Progress: Parameterizing module AV_Config
Progress: Adding EBAB_video_in [altera_up_external_bus_to_avalon_bridge 18.0]
Progress: Parameterizing module EBAB_video_in
Progress: Adding Onchip_SRAM [altera_avalon_onchip_memory2 18.1]
Progress: Parameterizing module Onchip_SRAM
Progress: Adding Pixel_DMA_Addr_Translation [altera_up_avalon_video_dma_ctrl_addr_trans 18.0]
Progress: Parameterizing module Pixel_DMA_Addr_Translation
Progress: Adding SDRAM [altera_avalon_new_sdram_controller 18.1]
Progress: Parameterizing module SDRAM
Progress: Adding System_PLL [altera_up_avalon_sys_sdram_pll 18.0]
Progress: Parameterizing module System_PLL
Progress: Adding VGA_Subsystem [VGA_Subsystem 1.0]
Progress: Parameterizing module VGA_Subsystem
Progress: Adding Video_In_DMA_Addr_Translation [altera_up_avalon_video_dma_ctrl_addr_trans 18.0]
Progress: Parameterizing module Video_In_DMA_Addr_Translation
Progress: Adding Video_In_Subsystem [Video_In_Subsystem 1.0]
Progress: Parameterizing module Video_In_Subsystem
Progress: Adding clock_bridge_0 [altera_clock_bridge 18.1]
Progress: Parameterizing module clock_bridge_0
Progress: Adding pio_0 [altera_avalon_pio 18.1]
Progress: Parameterizing module pio_0
Progress: Building connections
Progress: Parameterizing connections
Progress: Validating
Progress: Done reading input file
Info: Computer_System.ARM_A9_HPS: HPS Main PLL counter settings: n = 0  m = 73
Info: Computer_System.ARM_A9_HPS: HPS peripherial PLL counter settings: n = 0  m = 39
Warning: Computer_System.ARM_A9_HPS: "Configuration/HPS-to-FPGA user 0 clock frequency" (desired_cfg_clk_mhz) requested 100.0 MHz, but only achieved 97.368421 MHz
Warning: Computer_System.ARM_A9_HPS: "QSPI clock frequency" (desired_qspi_clk_mhz) requested 400.0 MHz, but only achieved 370.0 MHz
Warning: Computer_System.ARM_A9_HPS: 1 or more output clock frequencies cannot be achieved precisely, consider revising desired output clock frequencies.
Warning: Computer_System.Pixel_DMA_Addr_Translation.master: Master needs a minimum address width of 3 bits (has 2)
Info: Computer_System.SDRAM: SDRAM Controller will only be supported in Quartus Prime Standard Edition in the future release.
Info: Computer_System.System_PLL: Refclk Freq: 50.0
Info: Computer_System.VGA_Subsystem.VGA_Char_Buffer: Character Resolution: 80 x 60
Info: Computer_System.VGA_Subsystem.VGA_Controller: Video Output Stream: Format: 640 x 480 with Color: 10 (bits) x 3 (planes) converted to 8 (bits) per color plane
Info: Computer_System.VGA_Subsystem.VGA_Pixel_RGB_Resampler: RGB Resampling: 8 (bits) x 1 (planes) -> 10 (bits) x 3 (planes)
Warning: Computer_System.VGA_Subsystem.VGA_Pixel_RGB_Resampler: VGA_Pixel_RGB_Resampler.avalon_rgb_slave must be connected to an Avalon-MM master
Warning: Computer_System.Video_In_DMA_Addr_Translation.master: Master needs a minimum address width of 3 bits (has 2)
Info: Computer_System.Video_In_Subsystem.Edge_Detection_Subsystem.Chroma_Filter: Chroma Resampling: 8 (bits) x 3 (planes) -> 8 (bits) x 1 (planes)
Info: Computer_System.Video_In_Subsystem.Edge_Detection_Subsystem.Chroma_Upsampler: Chroma Resampling: 8 (bits) x 1 (planes) -> 8 (bits) x 3 (planes)
Info: Computer_System.Video_In_Subsystem.Video_In: Video In Stream: Format: 720 x 244 (Odd Frames) or 720 x 243 (Even Frames) with Colour: 8 (bits) x 2 (planes) (YCrCb 4:2:2)
Info: Computer_System.Video_In_Subsystem.Video_In_CSC: Colour Space Conversion: 8 (bits) x 1 (planes) (Grayscale (Y)) -> 8 (bits) x 3 (planes) (24-bit RGB)
Info: Computer_System.Video_In_Subsystem.Video_In_Chroma_Resampler: Chroma Resampling: 8 (bits) x 2 (planes) -> 8 (bits) x 1 (planes)
Info: Computer_System.Video_In_Subsystem.Video_In_Clipper: Change in Resolution: 720 x 244 -> 640 x 240
Info: Computer_System.Video_In_Subsystem.Video_In_RGB_Resampler: RGB Resampling: 8 (bits) x 3 (planes) -> 8 (bits) x 1 (planes)
Info: Computer_System.Video_In_Subsystem.Video_In_Scaler: Change in Resolution: 640 x 240 -> 320 x 240
Info: Computer_System.Video_In_Subsystem.Video_In_Chroma_Resampler.avalon_chroma_source/Edge_Detection_Subsystem.video_stream_sink: The source data signal is 8 bits, but the sink is 24 bits. Avalon-ST Adapter will be inserted.
Info: Computer_System.Video_In_Subsystem.Edge_Detection_Subsystem.video_stream_source/Video_In_CSC.avalon_csc_sink: The source data signal is 24 bits, but the sink is 8 bits. Avalon-ST Adapter will be inserted.
Warning: Computer_System.Video_In_Subsystem.Video_In_RGB_Resampler: Video_In_RGB_Resampler.avalon_rgb_slave must be connected to an Avalon-MM master
Info: Computer_System.pio_0: PIO inputs are not hardwired in test bench. Undefined values will be read from PIO inputs during simulation.
Info: Computer_System: Generating Computer_System "Computer_System" for SIM_VERILOG
Info: Inserting clock-crossing logic between cmd_demux_002.src1 and cmd_mux_001.sink2
Info: Inserting clock-crossing logic between rsp_demux_001.src2 and rsp_mux_002.sink1
Info: Inserting clock-crossing logic between EBAB_video_in_avalon_master_to_SDRAM_s1_cmd_width_adapter.src and cmd_mux.sink2
Info: Inserting clock-crossing logic between SDRAM_s1_to_EBAB_video_in_avalon_master_rsp_width_adapter.src and rsp_mux_002.sink0
Info: Interconnect is inserted between master Pixel_DMA_Addr_Translation.master and slave VGA_Subsystem.pixel_dma_control_slave because the master has waitrequest signal 1 bit wide, but the slave is 0 bit wide.
Info: Interconnect is inserted between master Video_In_DMA_Addr_Translation.master and slave Video_In_Subsystem.video_in_dma_control_slave because the master has waitrequest signal 1 bit wide, but the slave is 0 bit wide.
Info: Interconnect is inserted between master Video_In_Subsystem.video_in_dma_master and slave Onchip_SRAM.s1 because the master has address signal 32 bit wide, but the slave is 17 bit wide.
Info: Interconnect is inserted between master Video_In_Subsystem.video_in_dma_master and slave Onchip_SRAM.s1 because the master has waitrequest signal 1 bit wide, but the slave is 0 bit wide.
Warning: ARM_A9_HPS.f2h_irq0: Cannot connect clock for irq_mapper.sender
Warning: ARM_A9_HPS.f2h_irq0: Cannot connect reset for irq_mapper.sender
Warning: ARM_A9_HPS.f2h_irq1: Cannot connect clock for irq_mapper_001.sender
Warning: ARM_A9_HPS.f2h_irq1: Cannot connect reset for irq_mapper_001.sender
Info: ARM_A9_HPS: "Running  for module: ARM_A9_HPS"
Info: ARM_A9_HPS: HPS Main PLL counter settings: n = 0  m = 73
Info: ARM_A9_HPS: HPS peripherial PLL counter settings: n = 0  m = 39
Warning: ARM_A9_HPS: "Configuration/HPS-to-FPGA user 0 clock frequency" (desired_cfg_clk_mhz) requested 100.0 MHz, but only achieved 97.368421 MHz
Warning: ARM_A9_HPS: "QSPI clock frequency" (desired_qspi_clk_mhz) requested 400.0 MHz, but only achieved 370.0 MHz
Warning: ARM_A9_HPS: 1 or more output clock frequencies cannot be achieved precisely, consider revising desired output clock frequencies.
Info: ARM_A9_HPS: "Computer_System" instantiated altera_hps "ARM_A9_HPS"
Info: AV_Config: Starting Generation of Audio and Video Config
Info: AV_Config: "Computer_System" instantiated altera_up_avalon_audio_and_video_config "AV_Config"
Info: EBAB_video_in: Starting Generation of External Bus to Avalon Bridge
Info: EBAB_video_in: "Computer_System" instantiated altera_up_external_bus_to_avalon_bridge "EBAB_video_in"
Info: Onchip_SRAM: Starting RTL generation for module 'Computer_System_Onchip_SRAM'
Info: Onchip_SRAM:   Generation command is [exec C:/programs/intelfpga/18.1/quartus/bin64/perl/bin/perl.exe -I C:/programs/intelfpga/18.1/quartus/bin64/perl/lib -I C:/programs/intelfpga/18.1/quartus/sopc_builder/bin/europa -I C:/programs/intelfpga/18.1/quartus/sopc_builder/bin/perl_lib -I C:/programs/intelfpga/18.1/quartus/sopc_builder/bin -I C:/programs/intelfpga/18.1/quartus/../ip/altera/sopc_builder_ip/common -I C:/programs/intelfpga/18.1/quartus/../ip/altera/sopc_builder_ip/altera_avalon_onchip_memory2 -- C:/programs/intelfpga/18.1/quartus/../ip/altera/sopc_builder_ip/altera_avalon_onchip_memory2/generate_rtl.pl --name=Computer_System_Onchip_SRAM --dir=C:/Users/er495/AppData/Local/Temp/alt0553_6557326193546815778.dir/0015_Onchip_SRAM_gen/ --quartus_dir=C:/programs/intelfpga/18.1/quartus --verilog --config=C:/Users/er495/AppData/Local/Temp/alt0553_6557326193546815778.dir/0015_Onchip_SRAM_gen//Computer_System_Onchip_SRAM_component_configuration.pl  --do_build_sim=1    --sim_dir=C:/Users/er495/AppData/Local/Temp/alt0553_6557326193546815778.dir/0015_Onchip_SRAM_gen/  ]
Info: Onchip_SRAM: Done RTL generation for module 'Computer_System_Onchip_SRAM'
Info: Onchip_SRAM: "Computer_System" instantiated altera_avalon_onchip_memory2 "Onchip_SRAM"
Info: Pixel_DMA_Addr_Translation: "Computer_System" instantiated altera_up_avalon_video_dma_ctrl_addr_trans "Pixel_DMA_Addr_Translation"
Info: SDRAM: Starting RTL generation for module 'Computer_System_SDRAM'
Info: SDRAM:   Generation command is [exec C:/programs/intelfpga/18.1/quartus/bin64/perl/bin/perl.exe -I C:/programs/intelfpga/18.1/quartus/bin64/perl/lib -I C:/programs/intelfpga/18.1/quartus/sopc_builder/bin/europa -I C:/programs/intelfpga/18.1/quartus/sopc_builder/bin/perl_lib -I C:/programs/intelfpga/18.1/quartus/sopc_builder/bin -I C:/programs/intelfpga/18.1/quartus/../ip/altera/sopc_builder_ip/common -I C:/programs/intelfpga/18.1/quartus/../ip/altera/sopc_builder_ip/altera_avalon_new_sdram_controller -- C:/programs/intelfpga/18.1/quartus/../ip/altera/sopc_builder_ip/altera_avalon_new_sdram_controller/generate_rtl.pl --name=Computer_System_SDRAM --dir=C:/Users/er495/AppData/Local/Temp/alt0553_6557326193546815778.dir/0017_SDRAM_gen/ --quartus_dir=C:/programs/intelfpga/18.1/quartus --verilog --config=C:/Users/er495/AppData/Local/Temp/alt0553_6557326193546815778.dir/0017_SDRAM_gen//Computer_System_SDRAM_component_configuration.pl  --do_build_sim=1    --sim_dir=C:/Users/er495/AppData/Local/Temp/alt0553_6557326193546815778.dir/0017_SDRAM_gen/  ]
Info: SDRAM: Done RTL generation for module 'Computer_System_SDRAM'
Info: SDRAM: "Computer_System" instantiated altera_avalon_new_sdram_controller "SDRAM"
Info: System_PLL: "Computer_System" instantiated altera_up_avalon_sys_sdram_pll "System_PLL"
Info: VGA_Subsystem: "Computer_System" instantiated VGA_Subsystem "VGA_Subsystem"
Info: avalon_st_adapter: Inserting data_format_adapter: data_format_adapter_0
Error: avalon_st_adapter.data_format_adapter_0: The output interface has no empty signal, but this adapter has been configured to adapt a narrow input interface  symbols per beat(1) to a wide output interface symbols per beat(3).
Info: avalon_st_adapter_001: Inserting data_format_adapter: data_format_adapter_0
Info: Video_In_Subsystem: "Computer_System" instantiated Video_In_Subsystem "Video_In_Subsystem"
Error: Generation stopped, 38 or more modules remaining
Info: Computer_System: Done "Computer_System" with 40 modules, 25 files
Error: qsys-generate failed with exit code 1: 2 Errors, 14 Warnings
Info: Finished: Create simulation model
Info: Starting: Create Modelsim Project.
Info: sim-script-gen --spd=C:\Users\er495\stereo_vision\computer_15_640_video_mod\computer_15_640_video_mod\verilog\VGA_Subsystem\VGA_Subsystem.spd --output-directory=C:/Users/er495/stereo_vision/computer_15_640_video_mod/computer_15_640_video_mod/verilog/VGA_Subsystem/simulation/ --use-relative-paths=true
Info: Doing: ip-make-simscript --spd=C:\Users\er495\stereo_vision\computer_15_640_video_mod\computer_15_640_video_mod\verilog\VGA_Subsystem\VGA_Subsystem.spd --output-directory=C:/Users/er495/stereo_vision/computer_15_640_video_mod/computer_15_640_video_mod/verilog/VGA_Subsystem/simulation/ --use-relative-paths=true
Info: Generating the following file(s) for MODELSIM simulator in C:/Users/er495/stereo_vision/computer_15_640_video_mod/computer_15_640_video_mod/verilog/VGA_Subsystem/simulation/ directory:
Info: 	mentor/msim_setup.tcl
Info: Generating the following file(s) for VCS simulator in C:/Users/er495/stereo_vision/computer_15_640_video_mod/computer_15_640_video_mod/verilog/VGA_Subsystem/simulation/ directory:
Info: 	synopsys/vcs/vcs_setup.sh
Info: Generating the following file(s) for VCSMX simulator in C:/Users/er495/stereo_vision/computer_15_640_video_mod/computer_15_640_video_mod/verilog/VGA_Subsystem/simulation/ directory:
Info: 	synopsys/vcsmx/synopsys_sim.setup
Info: 	synopsys/vcsmx/vcsmx_setup.sh
Info: Generating the following file(s) for NCSIM simulator in C:/Users/er495/stereo_vision/computer_15_640_video_mod/computer_15_640_video_mod/verilog/VGA_Subsystem/simulation/ directory:
Info: 	cadence/cds.lib
Info: 	cadence/hdl.var
Info: 	cadence/ncsim_setup.sh
Info: 	9 .cds.lib files in cadence/cds_libs/ directory
Info: Generating the following file(s) for RIVIERA simulator in C:/Users/er495/stereo_vision/computer_15_640_video_mod/computer_15_640_video_mod/verilog/VGA_Subsystem/simulation/ directory:
Info: 	aldec/rivierapro_setup.tcl
Info: For information on how to simulate your IP, see the explanatory comments in the simulator-specific subdirectories under C:/Users/er495/stereo_vision/computer_15_640_video_mod/computer_15_640_video_mod/verilog/VGA_Subsystem/simulation/.
Info: Regenerate these scripts whenever you make any change to any Quartus-generated IP in your project.
Info: Finished: Create Modelsim Project.
Info: Starting: Create block symbol file (.bsf)
Info: qsys-generate C:\Users\er495\stereo_vision\computer_15_640_video_mod\computer_15_640_video_mod\verilog\Computer_System.qsys --block-symbol-file --output-directory=C:\Users\er495\stereo_vision\computer_15_640_video_mod\computer_15_640_video_mod\verilog\VGA_Subsystem --family="Cyclone V" --part=5CSEMA5F31C6
Progress: Loading verilog/Computer_System.qsys
Progress: Reading input file
Progress: Adding ARM_A9_HPS [altera_hps 18.1]
Progress: Parameterizing module ARM_A9_HPS
Progress: Adding AV_Config [altera_up_avalon_audio_and_video_config 18.0]
Progress: Parameterizing module AV_Config
Progress: Adding EBAB_video_in [altera_up_external_bus_to_avalon_bridge 18.0]
Progress: Parameterizing module EBAB_video_in
Progress: Adding Onchip_SRAM [altera_avalon_onchip_memory2 18.1]
Progress: Parameterizing module Onchip_SRAM
Progress: Adding Pixel_DMA_Addr_Translation [altera_up_avalon_video_dma_ctrl_addr_trans 18.0]
Progress: Parameterizing module Pixel_DMA_Addr_Translation
Progress: Adding SDRAM [altera_avalon_new_sdram_controller 18.1]
Progress: Parameterizing module SDRAM
Progress: Adding System_PLL [altera_up_avalon_sys_sdram_pll 18.0]
Progress: Parameterizing module System_PLL
Progress: Adding VGA_Subsystem [VGA_Subsystem 1.0]
Progress: Parameterizing module VGA_Subsystem
Progress: Adding Video_In_DMA_Addr_Translation [altera_up_avalon_video_dma_ctrl_addr_trans 18.0]
Progress: Parameterizing module Video_In_DMA_Addr_Translation
Progress: Adding Video_In_Subsystem [Video_In_Subsystem 1.0]
Progress: Parameterizing module Video_In_Subsystem
Progress: Adding clock_bridge_0 [altera_clock_bridge 18.1]
Progress: Parameterizing module clock_bridge_0
Progress: Adding pio_0 [altera_avalon_pio 18.1]
Progress: Parameterizing module pio_0
Progress: Building connections
Progress: Parameterizing connections
Progress: Validating
Progress: Done reading input file
Info: Computer_System.ARM_A9_HPS: HPS Main PLL counter settings: n = 0  m = 73
Info: Computer_System.ARM_A9_HPS: HPS peripherial PLL counter settings: n = 0  m = 39
Warning: Computer_System.ARM_A9_HPS: "Configuration/HPS-to-FPGA user 0 clock frequency" (desired_cfg_clk_mhz) requested 100.0 MHz, but only achieved 97.368421 MHz
Warning: Computer_System.ARM_A9_HPS: "QSPI clock frequency" (desired_qspi_clk_mhz) requested 400.0 MHz, but only achieved 370.0 MHz
Warning: Computer_System.ARM_A9_HPS: 1 or more output clock frequencies cannot be achieved precisely, consider revising desired output clock frequencies.
Warning: Computer_System.Pixel_DMA_Addr_Translation.master: Master needs a minimum address width of 3 bits (has 2)
Info: Computer_System.SDRAM: SDRAM Controller will only be supported in Quartus Prime Standard Edition in the future release.
Info: Computer_System.System_PLL: Refclk Freq: 50.0
Info: Computer_System.VGA_Subsystem.VGA_Char_Buffer: Character Resolution: 80 x 60
Info: Computer_System.VGA_Subsystem.VGA_Controller: Video Output Stream: Format: 640 x 480 with Color: 10 (bits) x 3 (planes) converted to 8 (bits) per color plane
Info: Computer_System.VGA_Subsystem.VGA_Pixel_RGB_Resampler: RGB Resampling: 8 (bits) x 1 (planes) -> 10 (bits) x 3 (planes)
Warning: Computer_System.VGA_Subsystem.VGA_Pixel_RGB_Resampler: VGA_Pixel_RGB_Resampler.avalon_rgb_slave must be connected to an Avalon-MM master
Warning: Computer_System.Video_In_DMA_Addr_Translation.master: Master needs a minimum address width of 3 bits (has 2)
Info: Computer_System.Video_In_Subsystem.Edge_Detection_Subsystem.Chroma_Filter: Chroma Resampling: 8 (bits) x 3 (planes) -> 8 (bits) x 1 (planes)
Info: Computer_System.Video_In_Subsystem.Edge_Detection_Subsystem.Chroma_Upsampler: Chroma Resampling: 8 (bits) x 1 (planes) -> 8 (bits) x 3 (planes)
Info: Computer_System.Video_In_Subsystem.Video_In: Video In Stream: Format: 720 x 244 (Odd Frames) or 720 x 243 (Even Frames) with Colour: 8 (bits) x 2 (planes) (YCrCb 4:2:2)
Info: Computer_System.Video_In_Subsystem.Video_In_CSC: Colour Space Conversion: 8 (bits) x 1 (planes) (Grayscale (Y)) -> 8 (bits) x 3 (planes) (24-bit RGB)
Info: Computer_System.Video_In_Subsystem.Video_In_Chroma_Resampler: Chroma Resampling: 8 (bits) x 2 (planes) -> 8 (bits) x 1 (planes)
Info: Computer_System.Video_In_Subsystem.Video_In_Clipper: Change in Resolution: 720 x 244 -> 640 x 240
Info: Computer_System.Video_In_Subsystem.Video_In_RGB_Resampler: RGB Resampling: 8 (bits) x 3 (planes) -> 8 (bits) x 1 (planes)
Info: Computer_System.Video_In_Subsystem.Video_In_Scaler: Change in Resolution: 640 x 240 -> 320 x 240
Info: Computer_System.Video_In_Subsystem.Video_In_Chroma_Resampler.avalon_chroma_source/Edge_Detection_Subsystem.video_stream_sink: The source data signal is 8 bits, but the sink is 24 bits. Avalon-ST Adapter will be inserted.
Info: Computer_System.Video_In_Subsystem.Edge_Detection_Subsystem.video_stream_source/Video_In_CSC.avalon_csc_sink: The source data signal is 24 bits, but the sink is 8 bits. Avalon-ST Adapter will be inserted.
Warning: Computer_System.Video_In_Subsystem.Video_In_RGB_Resampler: Video_In_RGB_Resampler.avalon_rgb_slave must be connected to an Avalon-MM master
Info: Computer_System.pio_0: PIO inputs are not hardwired in test bench. Undefined values will be read from PIO inputs during simulation.
Info: qsys-generate succeeded.
Info: Finished: Create block symbol file (.bsf)
Info: 
Info: Starting: Create HDL design files for synthesis
Info: qsys-generate C:\Users\er495\stereo_vision\computer_15_640_video_mod\computer_15_640_video_mod\verilog\Computer_System.qsys --synthesis=VERILOG --greybox --output-directory=C:\Users\er495\stereo_vision\computer_15_640_video_mod\computer_15_640_video_mod\verilog\VGA_Subsystem\synthesis --family="Cyclone V" --part=5CSEMA5F31C6
Progress: Loading verilog/Computer_System.qsys
Progress: Reading input file
Progress: Adding ARM_A9_HPS [altera_hps 18.1]
Progress: Parameterizing module ARM_A9_HPS
Progress: Adding AV_Config [altera_up_avalon_audio_and_video_config 18.0]
Progress: Parameterizing module AV_Config
Progress: Adding EBAB_video_in [altera_up_external_bus_to_avalon_bridge 18.0]
Progress: Parameterizing module EBAB_video_in
Progress: Adding Onchip_SRAM [altera_avalon_onchip_memory2 18.1]
Progress: Parameterizing module Onchip_SRAM
Progress: Adding Pixel_DMA_Addr_Translation [altera_up_avalon_video_dma_ctrl_addr_trans 18.0]
Progress: Parameterizing module Pixel_DMA_Addr_Translation
Progress: Adding SDRAM [altera_avalon_new_sdram_controller 18.1]
Progress: Parameterizing module SDRAM
Progress: Adding System_PLL [altera_up_avalon_sys_sdram_pll 18.0]
Progress: Parameterizing module System_PLL
Progress: Adding VGA_Subsystem [VGA_Subsystem 1.0]
Progress: Parameterizing module VGA_Subsystem
Progress: Adding Video_In_DMA_Addr_Translation [altera_up_avalon_video_dma_ctrl_addr_trans 18.0]
Progress: Parameterizing module Video_In_DMA_Addr_Translation
Progress: Adding Video_In_Subsystem [Video_In_Subsystem 1.0]
Progress: Parameterizing module Video_In_Subsystem
Progress: Adding clock_bridge_0 [altera_clock_bridge 18.1]
Progress: Parameterizing module clock_bridge_0
Progress: Adding pio_0 [altera_avalon_pio 18.1]
Progress: Parameterizing module pio_0
Progress: Building connections
Progress: Parameterizing connections
Progress: Validating
Progress: Done reading input file
Info: Computer_System.ARM_A9_HPS: HPS Main PLL counter settings: n = 0  m = 73
Info: Computer_System.ARM_A9_HPS: HPS peripherial PLL counter settings: n = 0  m = 39
Warning: Computer_System.ARM_A9_HPS: "Configuration/HPS-to-FPGA user 0 clock frequency" (desired_cfg_clk_mhz) requested 100.0 MHz, but only achieved 97.368421 MHz
Warning: Computer_System.ARM_A9_HPS: "QSPI clock frequency" (desired_qspi_clk_mhz) requested 400.0 MHz, but only achieved 370.0 MHz
Warning: Computer_System.ARM_A9_HPS: 1 or more output clock frequencies cannot be achieved precisely, consider revising desired output clock frequencies.
Warning: Computer_System.Pixel_DMA_Addr_Translation.master: Master needs a minimum address width of 3 bits (has 2)
Info: Computer_System.SDRAM: SDRAM Controller will only be supported in Quartus Prime Standard Edition in the future release.
Info: Computer_System.System_PLL: Refclk Freq: 50.0
Info: Computer_System.VGA_Subsystem.VGA_Char_Buffer: Character Resolution: 80 x 60
Info: Computer_System.VGA_Subsystem.VGA_Controller: Video Output Stream: Format: 640 x 480 with Color: 10 (bits) x 3 (planes) converted to 8 (bits) per color plane
Info: Computer_System.VGA_Subsystem.VGA_Pixel_RGB_Resampler: RGB Resampling: 8 (bits) x 1 (planes) -> 10 (bits) x 3 (planes)
Warning: Computer_System.VGA_Subsystem.VGA_Pixel_RGB_Resampler: VGA_Pixel_RGB_Resampler.avalon_rgb_slave must be connected to an Avalon-MM master
Warning: Computer_System.Video_In_DMA_Addr_Translation.master: Master needs a minimum address width of 3 bits (has 2)
Info: Computer_System.Video_In_Subsystem.Edge_Detection_Subsystem.Chroma_Filter: Chroma Resampling: 8 (bits) x 3 (planes) -> 8 (bits) x 1 (planes)
Info: Computer_System.Video_In_Subsystem.Edge_Detection_Subsystem.Chroma_Upsampler: Chroma Resampling: 8 (bits) x 1 (planes) -> 8 (bits) x 3 (planes)
Info: Computer_System.Video_In_Subsystem.Video_In: Video In Stream: Format: 720 x 244 (Odd Frames) or 720 x 243 (Even Frames) with Colour: 8 (bits) x 2 (planes) (YCrCb 4:2:2)
Info: Computer_System.Video_In_Subsystem.Video_In_CSC: Colour Space Conversion: 8 (bits) x 1 (planes) (Grayscale (Y)) -> 8 (bits) x 3 (planes) (24-bit RGB)
Info: Computer_System.Video_In_Subsystem.Video_In_Chroma_Resampler: Chroma Resampling: 8 (bits) x 2 (planes) -> 8 (bits) x 1 (planes)
Info: Computer_System.Video_In_Subsystem.Video_In_Clipper: Change in Resolution: 720 x 244 -> 640 x 240
Info: Computer_System.Video_In_Subsystem.Video_In_RGB_Resampler: RGB Resampling: 8 (bits) x 3 (planes) -> 8 (bits) x 1 (planes)
Info: Computer_System.Video_In_Subsystem.Video_In_Scaler: Change in Resolution: 640 x 240 -> 320 x 240
Info: Computer_System.Video_In_Subsystem.Video_In_Chroma_Resampler.avalon_chroma_source/Edge_Detection_Subsystem.video_stream_sink: The source data signal is 8 bits, but the sink is 24 bits. Avalon-ST Adapter will be inserted.
Info: Computer_System.Video_In_Subsystem.Edge_Detection_Subsystem.video_stream_source/Video_In_CSC.avalon_csc_sink: The source data signal is 24 bits, but the sink is 8 bits. Avalon-ST Adapter will be inserted.
Warning: Computer_System.Video_In_Subsystem.Video_In_RGB_Resampler: Video_In_RGB_Resampler.avalon_rgb_slave must be connected to an Avalon-MM master
Info: Computer_System.pio_0: PIO inputs are not hardwired in test bench. Undefined values will be read from PIO inputs during simulation.
Info: Computer_System: Generating Computer_System "Computer_System" for QUARTUS_SYNTH
Info: Inserting clock-crossing logic between cmd_demux_002.src1 and cmd_mux_001.sink2
Info: Inserting clock-crossing logic between rsp_demux_001.src2 and rsp_mux_002.sink1
Info: Inserting clock-crossing logic between EBAB_video_in_avalon_master_to_SDRAM_s1_cmd_width_adapter.src and cmd_mux.sink2
Info: Inserting clock-crossing logic between SDRAM_s1_to_EBAB_video_in_avalon_master_rsp_width_adapter.src and rsp_mux_002.sink0
Info: Interconnect is inserted between master Pixel_DMA_Addr_Translation.master and slave VGA_Subsystem.pixel_dma_control_slave because the master has waitrequest signal 1 bit wide, but the slave is 0 bit wide.
Info: Interconnect is inserted between master Video_In_DMA_Addr_Translation.master and slave Video_In_Subsystem.video_in_dma_control_slave because the master has waitrequest signal 1 bit wide, but the slave is 0 bit wide.
Info: Interconnect is inserted between master Video_In_Subsystem.video_in_dma_master and slave Onchip_SRAM.s1 because the master has address signal 32 bit wide, but the slave is 17 bit wide.
Info: Interconnect is inserted between master Video_In_Subsystem.video_in_dma_master and slave Onchip_SRAM.s1 because the master has waitrequest signal 1 bit wide, but the slave is 0 bit wide.
Warning: ARM_A9_HPS.f2h_irq0: Cannot connect clock for irq_mapper.sender
Warning: ARM_A9_HPS.f2h_irq0: Cannot connect reset for irq_mapper.sender
Warning: ARM_A9_HPS.f2h_irq1: Cannot connect clock for irq_mapper_001.sender
Warning: ARM_A9_HPS.f2h_irq1: Cannot connect reset for irq_mapper_001.sender
Error: Generation stopped, 23 or more modules remaining
Info: Computer_System: Done "Computer_System" with 18 modules, 1 files
Error: qsys-generate failed with exit code 1: 1 Error, 11 Warnings
Info: Stopping: Create HDL design files for synthesis
