Info: Starting: Create simulation model
Info: qsys-generate C:\Users\er495\stereo_vision\computer_15_640_video_mod\computer_15_640_video_mod\verilog\Computer_System.qsys --simulation=VERILOG --allow-mixed-language-simulation --output-directory=C:\Users\er495\stereo_vision\computer_15_640_video_mod\computer_15_640_video_mod\verilog\Video_In_Subsystem\simulation --family="Cyclone V" --part=5CSEMA5F31C6
Progress: Loading verilog/Computer_System.qsys
Progress: Reading input file
Progress: Adding ARM_A9_HPS [altera_hps 18.1]
Progress: Parameterizing module ARM_A9_HPS
Progress: Adding AV_Config [altera_up_avalon_audio_and_video_config 18.0]
Progress: Parameterizing module AV_Config
Progress: Adding EBAB_video_in [altera_up_external_bus_to_avalon_bridge 18.0]
Progress: Parameterizing module EBAB_video_in
Progress: Adding Onchip_SRAM [altera_avalon_onchip_memory2 18.1]
Progress: Parameterizing module Onchip_SRAM
Progress: Adding Pixel_DMA_Addr_Translation [altera_up_avalon_video_dma_ctrl_addr_trans 18.0]
Progress: Parameterizing module Pixel_DMA_Addr_Translation
Progress: Adding SDRAM [altera_avalon_new_sdram_controller 18.1]
Progress: Parameterizing module SDRAM
Progress: Adding System_PLL [altera_up_avalon_sys_sdram_pll 18.0]
Progress: Parameterizing module System_PLL
Progress: Adding VGA_Subsystem [VGA_Subsystem 1.0]
Progress: Reading input file
Progress: Adding Sys_Clk [clock_source 18.1]
Progress: Parameterizing module Sys_Clk
Progress: Adding VGA_Alpha_Blender [altera_up_avalon_video_alpha_blender 18.0]
Progress: Parameterizing module VGA_Alpha_Blender
Progress: Adding VGA_Char_Buffer [altera_up_avalon_video_character_buffer_with_dma 18.0]
Progress: Parameterizing module VGA_Char_Buffer
Progress: Adding VGA_Controller [altera_up_avalon_video_vga_controller 18.0]
Progress: Parameterizing module VGA_Controller
Progress: Adding VGA_Dual_Clock_FIFO [altera_up_avalon_video_dual_clock_buffer 18.0]
Progress: Parameterizing module VGA_Dual_Clock_FIFO
Progress: Adding VGA_PLL [altera_up_avalon_video_pll 18.0]
Progress: Parameterizing module VGA_PLL
Progress: Adding VGA_Pixel_DMA [altera_up_avalon_video_pixel_buffer_dma 18.0]
Progress: Parameterizing module VGA_Pixel_DMA
Progress: Adding VGA_Pixel_FIFO [altera_up_avalon_video_dual_clock_buffer 18.0]
Progress: Parameterizing module VGA_Pixel_FIFO
Progress: Adding VGA_Pixel_RGB_Resampler [altera_up_avalon_video_rgb_resampler 18.0]
Progress: Parameterizing module VGA_Pixel_RGB_Resampler
Progress: Building connections
Progress: Parameterizing connections
Progress: Validating
Progress: Done reading input file
Progress: Parameterizing module VGA_Subsystem
Progress: Adding Video_In_DMA_Addr_Translation [altera_up_avalon_video_dma_ctrl_addr_trans 18.0]
Progress: Parameterizing module Video_In_DMA_Addr_Translation
Progress: Adding Video_In_Subsystem [Video_In_Subsystem 1.0]
Progress: Reading input file
Progress: Adding Edge_Detection_Subsystem [Edge_Detection_Subsystem 1.0]
Progress: Reading input file
Progress: Adding Chroma_Filter [altera_up_avalon_video_chroma_resampler 15.1]
Warning: Chroma_Filter: Used altera_up_avalon_video_chroma_resampler 18.0 (instead of 15.1)
Progress: Parameterizing module Chroma_Filter
Progress: Adding Chroma_Upsampler [altera_up_avalon_video_chroma_resampler 15.1]
Warning: Chroma_Upsampler: Used altera_up_avalon_video_chroma_resampler 18.0 (instead of 15.1)
Progress: Parameterizing module Chroma_Upsampler
Progress: Adding Edge_Detection [altera_up_avalon_video_edge_detection 15.1]
Warning: Edge_Detection: Used altera_up_avalon_video_edge_detection 18.0 (instead of 15.1)
Progress: Parameterizing module Edge_Detection
Progress: Adding Edge_Detection_Router_Controller [altera_avalon_pio 15.1]
Warning: Edge_Detection_Router_Controller: Used altera_avalon_pio 18.1 (instead of 15.1)
Progress: Parameterizing module Edge_Detection_Router_Controller
Progress: Adding Sys_Clk [clock_source 15.1]
Warning: Sys_Clk: Used clock_source 18.1 (instead of 15.1)
Progress: Parameterizing module Sys_Clk
Progress: Adding Video_Stream_Merger [altera_up_avalon_video_stream_router 15.1]
Warning: Video_Stream_Merger: Used altera_up_avalon_video_stream_router 18.0 (instead of 15.1)
Progress: Parameterizing module Video_Stream_Merger
Progress: Adding Video_Stream_Splitter [altera_up_avalon_video_stream_router 15.1]
Warning: Video_Stream_Splitter: Used altera_up_avalon_video_stream_router 18.0 (instead of 15.1)
Progress: Parameterizing module Video_Stream_Splitter
Progress: Building connections
Progress: Parameterizing connections
Progress: Validating
Progress: Done reading input file
Progress: Parameterizing module Edge_Detection_Subsystem
Progress: Adding Sys_Clk [clock_source 18.1]
Progress: Parameterizing module Sys_Clk
Progress: Adding Video_In [altera_up_avalon_video_decoder 18.0]
Progress: Parameterizing module Video_In
Progress: Adding Video_In_CSC [altera_up_avalon_video_csc 18.0]
Progress: Parameterizing module Video_In_CSC
Progress: Adding Video_In_Chroma_Resampler [altera_up_avalon_video_chroma_resampler 18.0]
Progress: Parameterizing module Video_In_Chroma_Resampler
Progress: Adding Video_In_Clipper [altera_up_avalon_video_clipper 18.0]
Progress: Parameterizing module Video_In_Clipper
Progress: Adding Video_In_DMA [altera_up_avalon_video_dma_controller 18.0]
Progress: Parameterizing module Video_In_DMA
Progress: Adding Video_In_RGB_Resampler [altera_up_avalon_video_rgb_resampler 18.0]
Progress: Parameterizing module Video_In_RGB_Resampler
Progress: Adding Video_In_Scaler [altera_up_avalon_video_scaler 18.0]
Progress: Parameterizing module Video_In_Scaler
Progress: Building connections
Progress: Parameterizing connections
Progress: Validating
Progress: Done reading input file
Progress: Parameterizing module Video_In_Subsystem
Progress: Adding clock_bridge_0 [altera_clock_bridge 18.1]
Progress: Parameterizing module clock_bridge_0
Progress: Adding pio_0 [altera_avalon_pio 18.1]
Progress: Parameterizing module pio_0
Progress: Building connections
Progress: Parameterizing connections
Progress: Validating
Progress: Done reading input file
Info: Computer_System.ARM_A9_HPS: HPS Main PLL counter settings: n = 0  m = 73
Info: Computer_System.ARM_A9_HPS: HPS peripherial PLL counter settings: n = 0  m = 39
Warning: Computer_System.ARM_A9_HPS: "Configuration/HPS-to-FPGA user 0 clock frequency" (desired_cfg_clk_mhz) requested 100.0 MHz, but only achieved 97.368421 MHz
Warning: Computer_System.ARM_A9_HPS: "QSPI clock frequency" (desired_qspi_clk_mhz) requested 400.0 MHz, but only achieved 370.0 MHz
Warning: Computer_System.ARM_A9_HPS: 1 or more output clock frequencies cannot be achieved precisely, consider revising desired output clock frequencies.
Warning: Computer_System.Pixel_DMA_Addr_Translation.master: Master needs a minimum address width of 3 bits (has 2)
Info: Computer_System.SDRAM: SDRAM Controller will only be supported in Quartus Prime Standard Edition in the future release.
Info: Computer_System.System_PLL: Refclk Freq: 50.0
Info: Computer_System.VGA_Subsystem.VGA_Char_Buffer: Character Resolution: 80 x 60
Info: Computer_System.VGA_Subsystem.VGA_Controller: Video Output Stream: Format: 640 x 480 with Color: 10 (bits) x 3 (planes) converted to 8 (bits) per color plane
Info: Computer_System.VGA_Subsystem.VGA_Pixel_RGB_Resampler: RGB Resampling: 8 (bits) x 1 (planes) -> 10 (bits) x 3 (planes)
Warning: Computer_System.VGA_Subsystem.VGA_Pixel_RGB_Resampler: VGA_Pixel_RGB_Resampler.avalon_rgb_slave must be connected to an Avalon-MM master
Warning: Computer_System.Video_In_DMA_Addr_Translation.master: Master needs a minimum address width of 3 bits (has 2)
Info: Computer_System.Video_In_Subsystem.Edge_Detection_Subsystem.Chroma_Filter: Chroma Resampling: 8 (bits) x 3 (planes) -> 8 (bits) x 1 (planes)
Info: Computer_System.Video_In_Subsystem.Edge_Detection_Subsystem.Chroma_Upsampler: Chroma Resampling: 8 (bits) x 1 (planes) -> 8 (bits) x 3 (planes)
Info: Computer_System.Video_In_Subsystem.Video_In: Video In Stream: Format: 720 x 244 (Odd Frames) or 720 x 243 (Even Frames) with Colour: 8 (bits) x 2 (planes) (YCrCb 4:2:2)
Info: Computer_System.Video_In_Subsystem.Video_In_CSC: Colour Space Conversion: 8 (bits) x 3 (planes) (444 YCrCb) -> 8 (bits) x 3 (planes) (24-bit RGB)
Info: Computer_System.Video_In_Subsystem.Video_In_Chroma_Resampler: Chroma Resampling: 8 (bits) x 2 (planes) -> 8 (bits) x 3 (planes)
Info: Computer_System.Video_In_Subsystem.Video_In_Clipper: Change in Resolution: 720 x 288 -> 640 x 200
Info: Computer_System.Video_In_Subsystem.Video_In_RGB_Resampler: RGB Resampling: 8 (bits) x 3 (planes) -> 8 (bits) x 1 (planes)
Warning: Computer_System.Video_In_Subsystem.Video_In_RGB_Resampler: Video_In_RGB_Resampler.avalon_rgb_slave must be connected to an Avalon-MM master
Info: Computer_System.pio_0: PIO inputs are not hardwired in test bench. Undefined values will be read from PIO inputs during simulation.
Info: Computer_System: Generating Computer_System "Computer_System" for SIM_VERILOG
Info: Inserting clock-crossing logic between cmd_demux_002.src0 and cmd_mux.sink2
Info: Inserting clock-crossing logic between cmd_demux_002.src1 and cmd_mux_001.sink2
Info: Inserting clock-crossing logic between rsp_demux.src2 and rsp_mux_002.sink0
Info: Inserting clock-crossing logic between rsp_demux_001.src2 and rsp_mux_002.sink1
Info: Interconnect is inserted between master Pixel_DMA_Addr_Translation.master and slave VGA_Subsystem.pixel_dma_control_slave because the master has waitrequest signal 1 bit wide, but the slave is 0 bit wide.
Info: Interconnect is inserted between master Video_In_DMA_Addr_Translation.master and slave Video_In_Subsystem.video_in_dma_control_slave because the master has waitrequest signal 1 bit wide, but the slave is 0 bit wide.
Info: Interconnect is inserted between master Video_In_Subsystem.video_in_dma_master and slave Onchip_SRAM.s1 because the master has address signal 32 bit wide, but the slave is 18 bit wide.
Info: Interconnect is inserted between master Video_In_Subsystem.video_in_dma_master and slave Onchip_SRAM.s1 because the master has waitrequest signal 1 bit wide, but the slave is 0 bit wide.
Warning: ARM_A9_HPS.f2h_irq0: Cannot connect clock for irq_mapper.sender
Warning: ARM_A9_HPS.f2h_irq0: Cannot connect reset for irq_mapper.sender
Warning: ARM_A9_HPS.f2h_irq1: Cannot connect clock for irq_mapper_001.sender
Warning: ARM_A9_HPS.f2h_irq1: Cannot connect reset for irq_mapper_001.sender
Info: ARM_A9_HPS: "Running  for module: ARM_A9_HPS"
Info: ARM_A9_HPS: HPS Main PLL counter settings: n = 0  m = 73
Info: ARM_A9_HPS: HPS peripherial PLL counter settings: n = 0  m = 39
Warning: ARM_A9_HPS: "Configuration/HPS-to-FPGA user 0 clock frequency" (desired_cfg_clk_mhz) requested 100.0 MHz, but only achieved 97.368421 MHz
Warning: ARM_A9_HPS: "QSPI clock frequency" (desired_qspi_clk_mhz) requested 400.0 MHz, but only achieved 370.0 MHz
Warning: ARM_A9_HPS: 1 or more output clock frequencies cannot be achieved precisely, consider revising desired output clock frequencies.
Info: ARM_A9_HPS: "Computer_System" instantiated altera_hps "ARM_A9_HPS"
Info: AV_Config: Starting Generation of Audio and Video Config
Info: AV_Config: "Computer_System" instantiated altera_up_avalon_audio_and_video_config "AV_Config"
Info: EBAB_video_in: Starting Generation of External Bus to Avalon Bridge
Info: EBAB_video_in: "Computer_System" instantiated altera_up_external_bus_to_avalon_bridge "EBAB_video_in"
Info: Onchip_SRAM: Starting RTL generation for module 'Computer_System_Onchip_SRAM'
Info: Onchip_SRAM:   Generation command is [exec C:/programs/intelfpga/18.1/quartus/bin64/perl/bin/perl.exe -I C:/programs/intelfpga/18.1/quartus/bin64/perl/lib -I C:/programs/intelfpga/18.1/quartus/sopc_builder/bin/europa -I C:/programs/intelfpga/18.1/quartus/sopc_builder/bin/perl_lib -I C:/programs/intelfpga/18.1/quartus/sopc_builder/bin -I C:/programs/intelfpga/18.1/quartus/../ip/altera/sopc_builder_ip/common -I C:/programs/intelfpga/18.1/quartus/../ip/altera/sopc_builder_ip/altera_avalon_onchip_memory2 -- C:/programs/intelfpga/18.1/quartus/../ip/altera/sopc_builder_ip/altera_avalon_onchip_memory2/generate_rtl.pl --name=Computer_System_Onchip_SRAM --dir=C:/Users/er495/AppData/Local/Temp/alt0577_1800881040975834152.dir/0004_Onchip_SRAM_gen/ --quartus_dir=C:/programs/intelfpga/18.1/quartus --verilog --config=C:/Users/er495/AppData/Local/Temp/alt0577_1800881040975834152.dir/0004_Onchip_SRAM_gen//Computer_System_Onchip_SRAM_component_configuration.pl  --do_build_sim=1    --sim_dir=C:/Users/er495/AppData/Local/Temp/alt0577_1800881040975834152.dir/0004_Onchip_SRAM_gen/  ]
Info: Onchip_SRAM: Done RTL generation for module 'Computer_System_Onchip_SRAM'
Info: Onchip_SRAM: "Computer_System" instantiated altera_avalon_onchip_memory2 "Onchip_SRAM"
Info: Pixel_DMA_Addr_Translation: "Computer_System" instantiated altera_up_avalon_video_dma_ctrl_addr_trans "Pixel_DMA_Addr_Translation"
Info: SDRAM: Starting RTL generation for module 'Computer_System_SDRAM'
Info: SDRAM:   Generation command is [exec C:/programs/intelfpga/18.1/quartus/bin64/perl/bin/perl.exe -I C:/programs/intelfpga/18.1/quartus/bin64/perl/lib -I C:/programs/intelfpga/18.1/quartus/sopc_builder/bin/europa -I C:/programs/intelfpga/18.1/quartus/sopc_builder/bin/perl_lib -I C:/programs/intelfpga/18.1/quartus/sopc_builder/bin -I C:/programs/intelfpga/18.1/quartus/../ip/altera/sopc_builder_ip/common -I C:/programs/intelfpga/18.1/quartus/../ip/altera/sopc_builder_ip/altera_avalon_new_sdram_controller -- C:/programs/intelfpga/18.1/quartus/../ip/altera/sopc_builder_ip/altera_avalon_new_sdram_controller/generate_rtl.pl --name=Computer_System_SDRAM --dir=C:/Users/er495/AppData/Local/Temp/alt0577_1800881040975834152.dir/0006_SDRAM_gen/ --quartus_dir=C:/programs/intelfpga/18.1/quartus --verilog --config=C:/Users/er495/AppData/Local/Temp/alt0577_1800881040975834152.dir/0006_SDRAM_gen//Computer_System_SDRAM_component_configuration.pl  --do_build_sim=1    --sim_dir=C:/Users/er495/AppData/Local/Temp/alt0577_1800881040975834152.dir/0006_SDRAM_gen/  ]
Info: SDRAM: Done RTL generation for module 'Computer_System_SDRAM'
Info: SDRAM: "Computer_System" instantiated altera_avalon_new_sdram_controller "SDRAM"
Info: System_PLL: "Computer_System" instantiated altera_up_avalon_sys_sdram_pll "System_PLL"
Info: VGA_Subsystem: "Computer_System" instantiated VGA_Subsystem "VGA_Subsystem"
Info: Video_In_Subsystem: "Computer_System" instantiated Video_In_Subsystem "Video_In_Subsystem"
Info: pio_0: Starting RTL generation for module 'Computer_System_pio_0'
Info: pio_0:   Generation command is [exec C:/programs/intelfpga/18.1/quartus/bin64/perl/bin/perl.exe -I C:/programs/intelfpga/18.1/quartus/bin64/perl/lib -I C:/programs/intelfpga/18.1/quartus/sopc_builder/bin/europa -I C:/programs/intelfpga/18.1/quartus/sopc_builder/bin/perl_lib -I C:/programs/intelfpga/18.1/quartus/sopc_builder/bin -I C:/programs/intelfpga/18.1/quartus/../ip/altera/sopc_builder_ip/common -I C:/programs/intelfpga/18.1/quartus/../ip/altera/sopc_builder_ip/altera_avalon_pio -- C:/programs/intelfpga/18.1/quartus/../ip/altera/sopc_builder_ip/altera_avalon_pio/generate_rtl.pl --name=Computer_System_pio_0 --dir=C:/Users/er495/AppData/Local/Temp/alt0577_1800881040975834152.dir/0007_pio_0_gen/ --quartus_dir=C:/programs/intelfpga/18.1/quartus --verilog --config=C:/Users/er495/AppData/Local/Temp/alt0577_1800881040975834152.dir/0007_pio_0_gen//Computer_System_pio_0_component_configuration.pl  --do_build_sim=1    --sim_dir=C:/Users/er495/AppData/Local/Temp/alt0577_1800881040975834152.dir/0007_pio_0_gen/  ]
Info: pio_0: Done RTL generation for module 'Computer_System_pio_0'
Info: pio_0: "Computer_System" instantiated altera_avalon_pio "pio_0"
Info: avalon_st_adapter: Inserting error_adapter: error_adapter_0
Info: avalon_st_adapter_001: Inserting error_adapter: error_adapter_0
Info: avalon_st_adapter_002: Inserting error_adapter: error_adapter_0
Info: mm_interconnect_0: "Computer_System" instantiated altera_mm_interconnect "mm_interconnect_0"
Info: avalon_st_adapter: Inserting error_adapter: error_adapter_0
Info: avalon_st_adapter_001: Inserting error_adapter: error_adapter_0
Info: avalon_st_adapter_002: Inserting error_adapter: error_adapter_0
Info: avalon_st_adapter_003: Inserting error_adapter: error_adapter_0
Info: avalon_st_adapter_004: Inserting error_adapter: error_adapter_0
Info: avalon_st_adapter_005: Inserting error_adapter: error_adapter_0
Info: mm_interconnect_1: "Computer_System" instantiated altera_mm_interconnect "mm_interconnect_1"
Info: mm_interconnect_2: "Computer_System" instantiated altera_mm_interconnect "mm_interconnect_2"
Info: mm_interconnect_3: "Computer_System" instantiated altera_mm_interconnect "mm_interconnect_3"
Info: mm_interconnect_4: "Computer_System" instantiated altera_mm_interconnect "mm_interconnect_4"
Info: irq_mapper: "Computer_System" instantiated altera_irq_mapper "irq_mapper"
Info: rst_controller: "Computer_System" instantiated altera_reset_controller "rst_controller"
Info: fpga_interfaces: "ARM_A9_HPS" instantiated altera_interface_generator "fpga_interfaces"
Info: hps_io: "ARM_A9_HPS" instantiated altera_hps_io "hps_io"
Info: sys_pll: Generating simgen model
Info: sys_pll: Info: ******************************************************************* Info: Running Quartus Prime Shell     Info: Version 18.1.0 Build 625 09/12/2018 SJ Lite Edition     Info: Copyright (C) 2018  Intel Corporation. All rights reserved.     Info: Your use of Intel Corporation's design tools, logic functions      Info: and other software and tools, and its AMPP partner logic      Info: functions, and any output files from any of the foregoing      Info: (including device programming or simulation files), and any      Info: associated documentation or information are expressly subject      Info: to the terms and conditions of the Intel Program License      Info: Subscription Agreement, the Intel Quartus Prime License Agreement,     Info: the Intel FPGA IP License Agreement, or other applicable license     Info: agreement, including, without limitation, that your use is for     Info: the sole purpose of programming logic devices manufactured by     Info: Intel and sold by Intel or its authorized distributors.  Please     Info: refer to the applicable agreement for further details.     Info: Processing started: Mon May 04 11:45:59 2026 Info: Command: quartus_sh -t run_simgen_cmd.tcl Info: ******************************************************************* Info: Running Quartus Prime Analysis & Synthesis     Info: Version 18.1.0 Build 625 09/12/2018 SJ Lite Edition     Info: Copyright (C) 2018  Intel Corporation. All rights reserved.     Info: Your use of Intel Corporation's design tools, logic functions      Info: and other software and tools, and its AMPP partner logic      Info: functions, and any output files from any of the foregoing      Info: (including device programming or simulation files), and any      Info: associated documentation or information are expressly subject      Info: to the terms and conditions of the Intel Program License      Info: Subscription Agreement, the Intel Quartus Prime License Agreement,     Info: the Intel FPGA IP License Agreement, or other applicable license     Info: agreement, including, without limitation, that your use is for     Info: the sole purpose of programming logic devices manufactured by     Info: Intel and sold by Intel or its authorized distributors.  Please     Info: refer to the applicable agreement for further details.     Info: Processing started: Mon May 04 11:45:59 2026 Info: Command: quartus_map Computer_System_System_PLL_sys_pll.qpf --simgen --ini=disable_check_quartus_compatibility_qsys_only=on --simgen_parameter=CBX_HDL_LANGUAGE=VERILOG Info (20034): Auto device selection is not supported for Cyclone V device family. The default device, 5CGXFC7C7F23C8, is set. Warning (18236): Number of processors has not been specified which may cause overloading on shared machines.  Set the global assignment NUM_PARALLEL_PROCESSORS in your QSF to an appropriate value for best performance. Info (20030): Parallel compilation is enabled and will use 16 of the 20 processors detected Info (12021): Found 1 design units, including 1 entities, in source file computer_system_system_pll_sys_pll.v     Info (12023): Found entity 1: Computer_System_System_PLL_sys_pll File: C:/Users/er495/AppData/Local/Temp/alt0577_1800881040975834152.dir/0011_sys_pll_gen/Computer_System_System_PLL_sys_pll.v Line: 2 Info (12127): Elaborating entity "Computer_System_System_PLL_sys_pll" for the top level hierarchy Info (12128): Elaborating entity "altera_pll" for hierarchy "altera_pll:altera_pll_i" File: C:/Users/er495/AppData/Local/Temp/alt0577_1800881040975834152.dir/0011_sys_pll_gen/Computer_System_System_PLL_sys_pll.v Line: 88 Info (10008): Verilog HDL or VHDL information: EDA Netlist Writer cannot regroup multidimensional array "wire_to_nowhere_64" into its bus Info (12130): Elaborated megafunction instantiation "altera_pll:altera_pll_i" File: C:/Users/er495/AppData/Local/Temp/alt0577_1800881040975834152.dir/0011_sys_pll_gen/Computer_System_System_PLL_sys_pll.v Line: 88 Info (12133): Instantiated megafunction "altera_pll:altera_pll_i" with the following parameter: File: C:/Users/er495/AppData/Local/Temp/alt0577_1800881040975834152.dir/0011_sys_pll_gen/Computer_System_System_PLL_sys_pll.v Line: 88     Info (12134): Parameter "fractional_vco_multiplier" = "false"     Info (12134): Parameter "reference_clock_frequency" = "50.0 MHz"     Info (12134): Parameter "operation_mode" = "direct"     Info (12134): Parameter "number_of_clocks" = "2"     Info (12134): Parameter "output_clock_frequency0" = "100.000000 MHz"     Info (12134): Parameter "phase_shift0" = "0 ps"     Info (12134): Parameter "duty_cycle0" = "50"     Info (12134): Parameter "output_clock_frequency1" = "100.000000 MHz"     Info (12134): Parameter "phase_shift1" = "-3000 ps"     Info (12134): Parameter "duty_cycle1" = "50"     Info (12134): Parameter "output_clock_frequency2" = "0 MHz"     Info (12134): Parameter "phase_shift2" = "0 ps"     Info (12134): Parameter "duty_cycle2" = "50"     Info (12134): Parameter "output_clock_frequency3" = "0 MHz"     Info (12134): Parameter "phase_shift3" = "0 ps"     Info (12134): Parameter "duty_cycle3" = "50"     Info (12134): Parameter "output_clock_frequency4" = "0 MHz"     Info (12134): Parameter "phase_shift4" = "0 ps"     Info (12134): Parameter "duty_cycle4" = "50"     Info (12134): Parameter "output_clock_frequency5" = "0 MHz"     Info (12134): Parameter "phase_shift5" = "0 ps"     Info (12134): Parameter "duty_cycle5" = "50"     Info (12134): Parameter "output_clock_frequency6" = "0 MHz"     Info (12134): Parameter "phase_shift6" = "0 ps"     Info (12134): Parameter "duty_cycle6" = "50"     Info (12134): Parameter "output_clock_frequency7" = "0 MHz"     Info (12134): Parameter "phase_shift7" = "0 ps"     Info (12134): Parameter "duty_cycle7" = "50"     Info (12134): Parameter "output_clock_frequency8" = "0 MHz"     Info (12134): Parameter "phase_shift8" = "0 ps"     Info (12134): Parameter "duty_cycle8" = "50"     Info (12134): Parameter "output_clock_frequency9" = "0 MHz"     Info (12134): Parameter "phase_shift9" = "0 ps"     Info (12134): Parameter "duty_cycle9" = "50"     Info (12134): Parameter "output_clock_frequency10" = "0 MHz"     Info (12134): Parameter "phase_shift10" = "0 ps"     Info (12134): Parameter "duty_cycle10" = "50"     Info (12134): Parameter "output_clock_frequency11" = "0 MHz"     Info (12134): Parameter "phase_shift11" = "0 ps"     Info (12134): Parameter "duty_cycle11" = "50"     Info (12134): Parameter "output_clock_frequency12" = "0 MHz"     Info (12134): Parameter "phase_shift12" = "0 ps"     Info (12134): Parameter "duty_cycle12" = "50"     Info (12134): Parameter "output_clock_frequency13" = "0 MHz"     Info (12134): Parameter "phase_shift13" = "0 ps"     Info (12134): Parameter "duty_cycle13" = "50"     Info (12134): Parameter "output_clock_frequency14" = "0 MHz"     Info (12134): Parameter "phase_shift14" = "0 ps"     Info (12134): Parameter "duty_cycle14" = "50"     Info (12134): Parameter "output_clock_frequency15" = "0 MHz"     Info (12134): Parameter "phase_shift15" = "0 ps"     Info (12134): Parameter "duty_cycle15" = "50"     Info (12134): Parameter "output_clock_frequency16" = "0 MHz"     Info (12134): Parameter "phase_shift16" = "0 ps"     Info (12134): Parameter "duty_cycle16" = "50"     Info (12134): Parameter "output_clock_frequency17" = "0 MHz"     Info (12134): Parameter "phase_shift17" = "0 ps"     Info (12134): Parameter "duty_cycle17" = "50"     Info (12134): Parameter "pll_type" = "General"     Info (12134): Parameter "pll_subtype" = "General" Info (281010): Generating sgate simulator netlist using Simgen SIMGEN_PROGRESS Start of Model generation -- 0% complete SIMGEN_PROGRESS Phase 1 : Internal Objects created -- 25% complete SIMGEN_PROGRESS Phase 2 : Connections between internal objects made -- 60% complete SIMGEN_PROGRESS Phase 3 : Netlist generated -- 100% complete Info: Quartus Prime Analysis & Synthesis was successful. 0 errors, 1 warning     Info: Peak virtual memory: 4797 megabytes     Info: Processing ended: Mon May 04 11:46:05 2026     Info: Elapsed time: 00:00:06     Info: Total CPU time (on all processors): 00:00:01 Info (23030): Evaluation of Tcl script run_simgen_cmd.tcl was successful Info: Quartus Prime Shell was successful. 0 errors, 0 warnings     Info: Peak virtual memory: 4663 megabytes     Info: Processing ended: Mon May 04 11:46:06 2026     Info: Elapsed time: 00:00:07     Info: Total CPU time (on all processors): 00:00:02
Info: sys_pll: Simgen was successful
Info: sys_pll: "System_PLL" instantiated altera_pll "sys_pll"
Info: reset_from_locked: "System_PLL" instantiated altera_up_avalon_reset_from_locked_signal "reset_from_locked"
Info: VGA_Alpha_Blender: Starting Generation of the Alpha Blender
Info: VGA_Alpha_Blender: "VGA_Subsystem" instantiated altera_up_avalon_video_alpha_blender "VGA_Alpha_Blender"
Info: VGA_Char_Buffer: Starting Generation of Character Buffer
Info: VGA_Char_Buffer: "VGA_Subsystem" instantiated altera_up_avalon_video_character_buffer_with_dma "VGA_Char_Buffer"
Info: VGA_Controller: Starting Generation of VGA Controller
Info: VGA_Controller: "VGA_Subsystem" instantiated altera_up_avalon_video_vga_controller "VGA_Controller"
Info: VGA_Dual_Clock_FIFO: Starting Generation of the Dual Clock Buffer
Info: VGA_Dual_Clock_FIFO: "VGA_Subsystem" instantiated altera_up_avalon_video_dual_clock_buffer "VGA_Dual_Clock_FIFO"
Info: VGA_PLL: "VGA_Subsystem" instantiated altera_up_avalon_video_pll "VGA_PLL"
Info: VGA_Pixel_DMA: Starting Generation of VGA Pixel Buffer
Info: VGA_Pixel_DMA: "VGA_Subsystem" instantiated altera_up_avalon_video_pixel_buffer_dma "VGA_Pixel_DMA"
Info: VGA_Pixel_FIFO: Starting Generation of the Dual Clock Buffer
Info: VGA_Pixel_FIFO: "VGA_Subsystem" instantiated altera_up_avalon_video_dual_clock_buffer "VGA_Pixel_FIFO"
Info: VGA_Pixel_RGB_Resampler: Starting Generation of Video RGB Resampler
Info: VGA_Pixel_RGB_Resampler: "VGA_Subsystem" instantiated altera_up_avalon_video_rgb_resampler "VGA_Pixel_RGB_Resampler"
Info: Edge_Detection_Subsystem: "Video_In_Subsystem" instantiated Edge_Detection_Subsystem "Edge_Detection_Subsystem"
Info: Video_In: Starting Generation of Video In Decoder
Info: Video_In: "Video_In_Subsystem" instantiated altera_up_avalon_video_decoder "Video_In"
Info: Video_In_CSC: Starting Generation of Colour Space Converter
Info: Video_In_CSC: "Video_In_Subsystem" instantiated altera_up_avalon_video_csc "Video_In_CSC"
Info: Video_In_Chroma_Resampler: Starting Generation of Chroma Resampler
Info: Video_In_Chroma_Resampler: "Video_In_Subsystem" instantiated altera_up_avalon_video_chroma_resampler "Video_In_Chroma_Resampler"
Info: Video_In_Clipper: Starting generation of the video clipper
Info: Video_In_Clipper: "Video_In_Subsystem" instantiated altera_up_avalon_video_clipper "Video_In_Clipper"
Info: Video_In_DMA: Starting Generation of Video DMA Controller
Info: Video_In_DMA: "Video_In_Subsystem" instantiated altera_up_avalon_video_dma_controller "Video_In_DMA"
Info: Video_In_RGB_Resampler: Starting Generation of Video RGB Resampler
Info: Video_In_RGB_Resampler: "Video_In_Subsystem" instantiated altera_up_avalon_video_rgb_resampler "Video_In_RGB_Resampler"
Info: EBAB_video_in_avalon_master_translator: "mm_interconnect_0" instantiated altera_merlin_master_translator "EBAB_video_in_avalon_master_translator"
Info: SDRAM_s1_translator: "mm_interconnect_0" instantiated altera_merlin_slave_translator "SDRAM_s1_translator"
Info: ARM_A9_HPS_h2f_axi_master_agent: "mm_interconnect_0" instantiated altera_merlin_axi_master_ni "ARM_A9_HPS_h2f_axi_master_agent"
Info: EBAB_video_in_avalon_master_agent: "mm_interconnect_0" instantiated altera_merlin_master_agent "EBAB_video_in_avalon_master_agent"
Info: SDRAM_s1_agent: "mm_interconnect_0" instantiated altera_merlin_slave_agent "SDRAM_s1_agent"
Info: SDRAM_s1_agent_rsp_fifo: "mm_interconnect_0" instantiated altera_avalon_sc_fifo "SDRAM_s1_agent_rsp_fifo"
Info: router: "mm_interconnect_0" instantiated altera_merlin_router "router"
Info: router_002: "mm_interconnect_0" instantiated altera_merlin_router "router_002"
Info: router_003: "mm_interconnect_0" instantiated altera_merlin_router "router_003"
Info: router_004: "mm_interconnect_0" instantiated altera_merlin_router "router_004"
Info: router_005: "mm_interconnect_0" instantiated altera_merlin_router "router_005"
Info: router_006: "mm_interconnect_0" instantiated altera_merlin_router "router_006"
Info: ARM_A9_HPS_h2f_axi_master_wr_limiter: "mm_interconnect_0" instantiated altera_merlin_traffic_limiter "ARM_A9_HPS_h2f_axi_master_wr_limiter"
Info: Reusing file C:/Users/er495/stereo_vision/computer_15_640_video_mod/computer_15_640_video_mod/verilog/Video_In_Subsystem/simulation/submodules/altera_avalon_sc_fifo.v
Info: SDRAM_s1_burst_adapter: "mm_interconnect_0" instantiated altera_merlin_burst_adapter "SDRAM_s1_burst_adapter"
Info: Reusing file C:/Users/er495/stereo_vision/computer_15_640_video_mod/computer_15_640_video_mod/verilog/Video_In_Subsystem/simulation/submodules/altera_merlin_address_alignment.sv
Info: Reusing file C:/Users/er495/stereo_vision/computer_15_640_video_mod/computer_15_640_video_mod/verilog/Video_In_Subsystem/simulation/submodules/altera_avalon_st_pipeline_base.v
Info: cmd_demux: "mm_interconnect_0" instantiated altera_merlin_demultiplexer "cmd_demux"
Info: cmd_demux_002: "mm_interconnect_0" instantiated altera_merlin_demultiplexer "cmd_demux_002"
Info: cmd_demux_003: "mm_interconnect_0" instantiated altera_merlin_demultiplexer "cmd_demux_003"
Info: cmd_mux: "mm_interconnect_0" instantiated altera_merlin_multiplexer "cmd_mux"
Info: cmd_mux_001: "mm_interconnect_0" instantiated altera_merlin_multiplexer "cmd_mux_001"
Info: Reusing file C:/Users/er495/stereo_vision/computer_15_640_video_mod/computer_15_640_video_mod/verilog/Video_In_Subsystem/simulation/submodules/altera_merlin_arbitrator.sv
Info: cmd_mux_002: "mm_interconnect_0" instantiated altera_merlin_multiplexer "cmd_mux_002"
Info: Reusing file C:/Users/er495/stereo_vision/computer_15_640_video_mod/computer_15_640_video_mod/verilog/Video_In_Subsystem/simulation/submodules/altera_merlin_arbitrator.sv
Info: rsp_demux: "mm_interconnect_0" instantiated altera_merlin_demultiplexer "rsp_demux"
Info: rsp_demux_002: "mm_interconnect_0" instantiated altera_merlin_demultiplexer "rsp_demux_002"
Info: rsp_mux: "mm_interconnect_0" instantiated altera_merlin_multiplexer "rsp_mux"
Info: Reusing file C:/Users/er495/stereo_vision/computer_15_640_video_mod/computer_15_640_video_mod/verilog/Video_In_Subsystem/simulation/submodules/altera_merlin_arbitrator.sv
Info: rsp_mux_002: "mm_interconnect_0" instantiated altera_merlin_multiplexer "rsp_mux_002"
Info: Reusing file C:/Users/er495/stereo_vision/computer_15_640_video_mod/computer_15_640_video_mod/verilog/Video_In_Subsystem/simulation/submodules/altera_merlin_arbitrator.sv
Info: rsp_mux_003: "mm_interconnect_0" instantiated altera_merlin_multiplexer "rsp_mux_003"
Info: Reusing file C:/Users/er495/stereo_vision/computer_15_640_video_mod/computer_15_640_video_mod/verilog/Video_In_Subsystem/simulation/submodules/altera_merlin_arbitrator.sv
Info: ARM_A9_HPS_h2f_axi_master_wr_cmd_width_adapter: "mm_interconnect_0" instantiated altera_merlin_width_adapter "ARM_A9_HPS_h2f_axi_master_wr_cmd_width_adapter"
Info: Reusing file C:/Users/er495/stereo_vision/computer_15_640_video_mod/computer_15_640_video_mod/verilog/Video_In_Subsystem/simulation/submodules/altera_merlin_address_alignment.sv
Info: Reusing file C:/Users/er495/stereo_vision/computer_15_640_video_mod/computer_15_640_video_mod/verilog/Video_In_Subsystem/simulation/submodules/altera_merlin_burst_uncompressor.sv
Info: crosser: "mm_interconnect_0" instantiated altera_avalon_st_handshake_clock_crosser "crosser"
Info: Reusing file C:/Users/er495/stereo_vision/computer_15_640_video_mod/computer_15_640_video_mod/verilog/Video_In_Subsystem/simulation/submodules/altera_avalon_st_pipeline_base.v
Info: avalon_st_adapter: "mm_interconnect_0" instantiated altera_avalon_st_adapter "avalon_st_adapter"
Info: router: "mm_interconnect_1" instantiated altera_merlin_router "router"
Info: router_002: "mm_interconnect_1" instantiated altera_merlin_router "router_002"
Info: cmd_demux: "mm_interconnect_1" instantiated altera_merlin_demultiplexer "cmd_demux"
Info: cmd_mux: "mm_interconnect_1" instantiated altera_merlin_multiplexer "cmd_mux"
Info: Reusing file C:/Users/er495/stereo_vision/computer_15_640_video_mod/computer_15_640_video_mod/verilog/Video_In_Subsystem/simulation/submodules/altera_merlin_arbitrator.sv
Info: rsp_demux: "mm_interconnect_1" instantiated altera_merlin_demultiplexer "rsp_demux"
Info: rsp_mux: "mm_interconnect_1" instantiated altera_merlin_multiplexer "rsp_mux"
Info: Reusing file C:/Users/er495/stereo_vision/computer_15_640_video_mod/computer_15_640_video_mod/verilog/Video_In_Subsystem/simulation/submodules/altera_merlin_arbitrator.sv
Info: avalon_st_adapter: "mm_interconnect_1" instantiated altera_avalon_st_adapter "avalon_st_adapter"
Info: border: "hps_io" instantiated altera_interface_generator "border"
Info: Reusing file C:/Users/er495/stereo_vision/computer_15_640_video_mod/computer_15_640_video_mod/verilog/Video_In_Subsystem/simulation/submodules/verbosity_pkg.sv
Info: Reusing file C:/Users/er495/stereo_vision/computer_15_640_video_mod/computer_15_640_video_mod/verilog/Video_In_Subsystem/simulation/submodules/avalon_utilities_pkg.sv
Info: Reusing file C:/Users/er495/stereo_vision/computer_15_640_video_mod/computer_15_640_video_mod/verilog/Video_In_Subsystem/simulation/submodules/avalon_mm_pkg.sv
Info: Reusing file C:/Users/er495/stereo_vision/computer_15_640_video_mod/computer_15_640_video_mod/verilog/Video_In_Subsystem/simulation/submodules/altera_avalon_mm_slave_bfm.sv
Info: Reusing file C:/Users/er495/stereo_vision/computer_15_640_video_mod/computer_15_640_video_mod/verilog/Video_In_Subsystem/simulation/submodules/altera_avalon_interrupt_sink.sv
Info: Reusing file C:/Users/er495/stereo_vision/computer_15_640_video_mod/computer_15_640_video_mod/verilog/Video_In_Subsystem/simulation/submodules/altera_avalon_clock_source.sv
Info: Reusing file C:/Users/er495/stereo_vision/computer_15_640_video_mod/computer_15_640_video_mod/verilog/Video_In_Subsystem/simulation/submodules/altera_avalon_reset_source.sv
Info: video_pll: Generating simgen model
Info: video_pll: Info: ******************************************************************* Info: Running Quartus Prime Shell     Info: Version 18.1.0 Build 625 09/12/2018 SJ Lite Edition     Info: Copyright (C) 2018  Intel Corporation. All rights reserved.     Info: Your use of Intel Corporation's design tools, logic functions      Info: and other software and tools, and its AMPP partner logic      Info: functions, and any output files from any of the foregoing      Info: (including device programming or simulation files), and any      Info: associated documentation or information are expressly subject      Info: to the terms and conditions of the Intel Program License      Info: Subscription Agreement, the Intel Quartus Prime License Agreement,     Info: the Intel FPGA IP License Agreement, or other applicable license     Info: agreement, including, without limitation, that your use is for     Info: the sole purpose of programming logic devices manufactured by     Info: Intel and sold by Intel or its authorized distributors.  Please     Info: refer to the applicable agreement for further details.     Info: Processing started: Mon May 04 11:46:12 2026 Info: Command: quartus_sh -t run_simgen_cmd.tcl Info: ******************************************************************* Info: Running Quartus Prime Analysis & Synthesis     Info: Version 18.1.0 Build 625 09/12/2018 SJ Lite Edition     Info: Copyright (C) 2018  Intel Corporation. All rights reserved.     Info: Your use of Intel Corporation's design tools, logic functions      Info: and other software and tools, and its AMPP partner logic      Info: functions, and any output files from any of the foregoing      Info: (including device programming or simulation files), and any      Info: associated documentation or information are expressly subject      Info: to the terms and conditions of the Intel Program License      Info: Subscription Agreement, the Intel Quartus Prime License Agreement,     Info: the Intel FPGA IP License Agreement, or other applicable license     Info: agreement, including, without limitation, that your use is for     Info: the sole purpose of programming logic devices manufactured by     Info: Intel and sold by Intel or its authorized distributors.  Please     Info: refer to the applicable agreement for further details.     Info: Processing started: Mon May 04 11:46:12 2026 Info: Command: quartus_map Computer_System_VGA_Subsystem_VGA_PLL_video_pll.qpf --simgen --ini=disable_check_quartus_compatibility_qsys_only=on --simgen_parameter=CBX_HDL_LANGUAGE=VERILOG Info (20034): Auto device selection is not supported for Cyclone V device family. The default device, 5CGXFC7C7F23C8, is set. Warning (18236): Number of processors has not been specified which may cause overloading on shared machines.  Set the global assignment NUM_PARALLEL_PROCESSORS in your QSF to an appropriate value for best performance. Info (20030): Parallel compilation is enabled and will use 16 of the 20 processors detected Info (12021): Found 1 design units, including 1 entities, in source file computer_system_vga_subsystem_vga_pll_video_pll.v     Info (12023): Found entity 1: Computer_System_VGA_Subsystem_VGA_PLL_video_pll File: C:/Users/er495/AppData/Local/Temp/alt0577_1800881040975834152.dir/0060_video_pll_gen/Computer_System_VGA_Subsystem_VGA_PLL_video_pll.v Line: 2 Info (12127): Elaborating entity "Computer_System_VGA_Subsystem_VGA_PLL_video_pll" for the top level hierarchy Info (12128): Elaborating entity "altera_pll" for hierarchy "altera_pll:altera_pll_i" File: C:/Users/er495/AppData/Local/Temp/alt0577_1800881040975834152.dir/0060_video_pll_gen/Computer_System_VGA_Subsystem_VGA_PLL_video_pll.v Line: 91 Info (10008): Verilog HDL or VHDL information: EDA Netlist Writer cannot regroup multidimensional array "wire_to_nowhere_64" into its bus Info (12130): Elaborated megafunction instantiation "altera_pll:altera_pll_i" File: C:/Users/er495/AppData/Local/Temp/alt0577_1800881040975834152.dir/0060_video_pll_gen/Computer_System_VGA_Subsystem_VGA_PLL_video_pll.v Line: 91 Info (12133): Instantiated megafunction "altera_pll:altera_pll_i" with the following parameter: File: C:/Users/er495/AppData/Local/Temp/alt0577_1800881040975834152.dir/0060_video_pll_gen/Computer_System_VGA_Subsystem_VGA_PLL_video_pll.v Line: 91     Info (12134): Parameter "fractional_vco_multiplier" = "false"     Info (12134): Parameter "reference_clock_frequency" = "50.0 MHz"     Info (12134): Parameter "operation_mode" = "direct"     Info (12134): Parameter "number_of_clocks" = "3"     Info (12134): Parameter "output_clock_frequency0" = "20.000000 MHz"     Info (12134): Parameter "phase_shift0" = "0 ps"     Info (12134): Parameter "duty_cycle0" = "50"     Info (12134): Parameter "output_clock_frequency1" = "25.000000 MHz"     Info (12134): Parameter "phase_shift1" = "0 ps"     Info (12134): Parameter "duty_cycle1" = "50"     Info (12134): Parameter "output_clock_frequency2" = "40.000000 MHz"     Info (12134): Parameter "phase_shift2" = "0 ps"     Info (12134): Parameter "duty_cycle2" = "50"     Info (12134): Parameter "output_clock_frequency3" = "0 MHz"     Info (12134): Parameter "phase_shift3" = "0 ps"     Info (12134): Parameter "duty_cycle3" = "50"     Info (12134): Parameter "output_clock_frequency4" = "0 MHz"     Info (12134): Parameter "phase_shift4" = "0 ps"     Info (12134): Parameter "duty_cycle4" = "50"     Info (12134): Parameter "output_clock_frequency5" = "0 MHz"     Info (12134): Parameter "phase_shift5" = "0 ps"     Info (12134): Parameter "duty_cycle5" = "50"     Info (12134): Parameter "output_clock_frequency6" = "0 MHz"     Info (12134): Parameter "phase_shift6" = "0 ps"     Info (12134): Parameter "duty_cycle6" = "50"     Info (12134): Parameter "output_clock_frequency7" = "0 MHz"     Info (12134): Parameter "phase_shift7" = "0 ps"     Info (12134): Parameter "duty_cycle7" = "50"     Info (12134): Parameter "output_clock_frequency8" = "0 MHz"     Info (12134): Parameter "phase_shift8" = "0 ps"     Info (12134): Parameter "duty_cycle8" = "50"     Info (12134): Parameter "output_clock_frequency9" = "0 MHz"     Info (12134): Parameter "phase_shift9" = "0 ps"     Info (12134): Parameter "duty_cycle9" = "50"     Info (12134): Parameter "output_clock_frequency10" = "0 MHz"     Info (12134): Parameter "phase_shift10" = "0 ps"     Info (12134): Parameter "duty_cycle10" = "50"     Info (12134): Parameter "output_clock_frequency11" = "0 MHz"     Info (12134): Parameter "phase_shift11" = "0 ps"     Info (12134): Parameter "duty_cycle11" = "50"     Info (12134): Parameter "output_clock_frequency12" = "0 MHz"     Info (12134): Parameter "phase_shift12" = "0 ps"     Info (12134): Parameter "duty_cycle12" = "50"     Info (12134): Parameter "output_clock_frequency13" = "0 MHz"     Info (12134): Parameter "phase_shift13" = "0 ps"     Info (12134): Parameter "duty_cycle13" = "50"     Info (12134): Parameter "output_clock_frequency14" = "0 MHz"     Info (12134): Parameter "phase_shift14" = "0 ps"     Info (12134): Parameter "duty_cycle14" = "50"     Info (12134): Parameter "output_clock_frequency15" = "0 MHz"     Info (12134): Parameter "phase_shift15" = "0 ps"     Info (12134): Parameter "duty_cycle15" = "50"     Info (12134): Parameter "output_clock_frequency16" = "0 MHz"     Info (12134): Parameter "phase_shift16" = "0 ps"     Info (12134): Parameter "duty_cycle16" = "50"     Info (12134): Parameter "output_clock_frequency17" = "0 MHz"     Info (12134): Parameter "phase_shift17" = "0 ps"     Info (12134): Parameter "duty_cycle17" = "50"     Info (12134): Parameter "pll_type" = "General"     Info (12134): Parameter "pll_subtype" = "General" Info (281010): Generating sgate simulator netlist using Simgen SIMGEN_PROGRESS Start of Model generation -- 0% complete SIMGEN_PROGRESS Phase 1 : Internal Objects created -- 25% complete SIMGEN_PROGRESS Phase 2 : Connections between internal objects made -- 60% complete SIMGEN_PROGRESS Phase 3 : Netlist generated -- 100% complete Info: Quartus Prime Analysis & Synthesis was successful. 0 errors, 1 warning     Info: Peak virtual memory: 4801 megabytes     Info: Processing ended: Mon May 04 11:46:18 2026     Info: Elapsed time: 00:00:06     Info: Total CPU time (on all processors): 00:00:01 Info (23030): Evaluation of Tcl script run_simgen_cmd.tcl was successful Info: Quartus Prime Shell was successful. 0 errors, 0 warnings     Info: Peak virtual memory: 4663 megabytes     Info: Processing ended: Mon May 04 11:46:18 2026     Info: Elapsed time: 00:00:06     Info: Total CPU time (on all processors): 00:00:02
Info: video_pll: Simgen was successful
Info: video_pll: "VGA_PLL" instantiated altera_pll "video_pll"
Info: Chroma_Filter: Starting Generation of Chroma Resampler
Info: Chroma_Filter: "Edge_Detection_Subsystem" instantiated altera_up_avalon_video_chroma_resampler "Chroma_Filter"
Info: Chroma_Upsampler: Starting Generation of Chroma Resampler
Info: Chroma_Upsampler: "Edge_Detection_Subsystem" instantiated altera_up_avalon_video_chroma_resampler "Chroma_Upsampler"
Info: Edge_Detection: Starting Generation of Video In Edge Detection
Info: Edge_Detection: "Edge_Detection_Subsystem" instantiated altera_up_avalon_video_edge_detection "Edge_Detection"
Info: Edge_Detection_Router_Controller: Starting RTL generation for module 'Computer_System_Video_In_Subsystem_Edge_Detection_Subsystem_Edge_Detection_Router_Controller'
Info: Edge_Detection_Router_Controller:   Generation command is [exec C:/programs/intelfpga/18.1/quartus/bin64/perl/bin/perl.exe -I C:/programs/intelfpga/18.1/quartus/bin64/perl/lib -I C:/programs/intelfpga/18.1/quartus/sopc_builder/bin/europa -I C:/programs/intelfpga/18.1/quartus/sopc_builder/bin/perl_lib -I C:/programs/intelfpga/18.1/quartus/sopc_builder/bin -I C:/programs/intelfpga/18.1/quartus/../ip/altera/sopc_builder_ip/common -I C:/programs/intelfpga/18.1/quartus/../ip/altera/sopc_builder_ip/altera_avalon_pio -- C:/programs/intelfpga/18.1/quartus/../ip/altera/sopc_builder_ip/altera_avalon_pio/generate_rtl.pl --name=Computer_System_Video_In_Subsystem_Edge_Detection_Subsystem_Edge_Detection_Router_Controller --dir=C:/Users/er495/AppData/Local/Temp/alt0577_1800881040975834152.dir/0064_Edge_Detection_Router_Controller_gen/ --quartus_dir=C:/programs/intelfpga/18.1/quartus --verilog --config=C:/Users/er495/AppData/Local/Temp/alt0577_1800881040975834152.dir/0064_Edge_Detection_Router_Controller_gen//Computer_System_Video_In_Subsystem_Edge_Detection_Subsystem_Edge_Detection_Router_Controller_component_configuration.pl  --do_build_sim=1    --sim_dir=C:/Users/er495/AppData/Local/Temp/alt0577_1800881040975834152.dir/0064_Edge_Detection_Router_Controller_gen/  ]
Info: Edge_Detection_Router_Controller: Done RTL generation for module 'Computer_System_Video_In_Subsystem_Edge_Detection_Subsystem_Edge_Detection_Router_Controller'
Info: Edge_Detection_Router_Controller: "Edge_Detection_Subsystem" instantiated altera_avalon_pio "Edge_Detection_Router_Controller"
Info: Video_Stream_Merger: Starting Generation of Video In Stream Router
Info: Video_Stream_Merger: "Edge_Detection_Subsystem" instantiated altera_up_avalon_video_stream_router "Video_Stream_Merger"
Info: Video_Stream_Splitter: Starting Generation of Video In Stream Router
Info: Video_Stream_Splitter: "Edge_Detection_Subsystem" instantiated altera_up_avalon_video_stream_router "Video_Stream_Splitter"
Info: error_adapter_0: "avalon_st_adapter" instantiated error_adapter "error_adapter_0"
Info: error_adapter_0: "avalon_st_adapter" instantiated error_adapter "error_adapter_0"
Info: Computer_System: Done "Computer_System" with 82 modules, 152 files
Info: qsys-generate succeeded.
Info: Finished: Create simulation model
Info: Starting: Create Modelsim Project.
Info: sim-script-gen --spd=C:\Users\er495\stereo_vision\computer_15_640_video_mod\computer_15_640_video_mod\verilog\Video_In_Subsystem\Video_In_Subsystem.spd --output-directory=C:/Users/er495/stereo_vision/computer_15_640_video_mod/computer_15_640_video_mod/verilog/Video_In_Subsystem/simulation/ --use-relative-paths=true
Info: Doing: ip-make-simscript --spd=C:\Users\er495\stereo_vision\computer_15_640_video_mod\computer_15_640_video_mod\verilog\Video_In_Subsystem\Video_In_Subsystem.spd --output-directory=C:/Users/er495/stereo_vision/computer_15_640_video_mod/computer_15_640_video_mod/verilog/Video_In_Subsystem/simulation/ --use-relative-paths=true
Info: Generating the following file(s) for MODELSIM simulator in C:/Users/er495/stereo_vision/computer_15_640_video_mod/computer_15_640_video_mod/verilog/Video_In_Subsystem/simulation/ directory:
Info: 	mentor/msim_setup.tcl
Info: Generating the following file(s) for VCS simulator in C:/Users/er495/stereo_vision/computer_15_640_video_mod/computer_15_640_video_mod/verilog/Video_In_Subsystem/simulation/ directory:
Info: 	synopsys/vcs/vcs_setup.sh
Info: Generating the following file(s) for VCSMX simulator in C:/Users/er495/stereo_vision/computer_15_640_video_mod/computer_15_640_video_mod/verilog/Video_In_Subsystem/simulation/ directory:
Info: 	synopsys/vcsmx/synopsys_sim.setup
Info: 	synopsys/vcsmx/vcsmx_setup.sh
Info: Generating the following file(s) for NCSIM simulator in C:/Users/er495/stereo_vision/computer_15_640_video_mod/computer_15_640_video_mod/verilog/Video_In_Subsystem/simulation/ directory:
Info: 	cadence/cds.lib
Info: 	cadence/hdl.var
Info: 	cadence/ncsim_setup.sh
Info: 	74 .cds.lib files in cadence/cds_libs/ directory
Info: Generating the following file(s) for RIVIERA simulator in C:/Users/er495/stereo_vision/computer_15_640_video_mod/computer_15_640_video_mod/verilog/Video_In_Subsystem/simulation/ directory:
Info: 	aldec/rivierapro_setup.tcl
Info: For information on how to simulate your IP, see the explanatory comments in the simulator-specific subdirectories under C:/Users/er495/stereo_vision/computer_15_640_video_mod/computer_15_640_video_mod/verilog/Video_In_Subsystem/simulation/.
Info: Regenerate these scripts whenever you make any change to any Quartus-generated IP in your project.
Info: Finished: Create Modelsim Project.
Info: Starting: Create block symbol file (.bsf)
Info: qsys-generate C:\Users\er495\stereo_vision\computer_15_640_video_mod\computer_15_640_video_mod\verilog\Computer_System.qsys --block-symbol-file --output-directory=C:\Users\er495\stereo_vision\computer_15_640_video_mod\computer_15_640_video_mod\verilog\Video_In_Subsystem --family="Cyclone V" --part=5CSEMA5F31C6
Progress: Loading verilog/Computer_System.qsys
Progress: Reading input file
Progress: Adding ARM_A9_HPS [altera_hps 18.1]
Progress: Parameterizing module ARM_A9_HPS
Progress: Adding AV_Config [altera_up_avalon_audio_and_video_config 18.0]
Progress: Parameterizing module AV_Config
Progress: Adding EBAB_video_in [altera_up_external_bus_to_avalon_bridge 18.0]
Progress: Parameterizing module EBAB_video_in
Progress: Adding Onchip_SRAM [altera_avalon_onchip_memory2 18.1]
Progress: Parameterizing module Onchip_SRAM
Progress: Adding Pixel_DMA_Addr_Translation [altera_up_avalon_video_dma_ctrl_addr_trans 18.0]
Progress: Parameterizing module Pixel_DMA_Addr_Translation
Progress: Adding SDRAM [altera_avalon_new_sdram_controller 18.1]
Progress: Parameterizing module SDRAM
Progress: Adding System_PLL [altera_up_avalon_sys_sdram_pll 18.0]
Progress: Parameterizing module System_PLL
Progress: Adding VGA_Subsystem [VGA_Subsystem 1.0]
Progress: Parameterizing module VGA_Subsystem
Progress: Adding Video_In_DMA_Addr_Translation [altera_up_avalon_video_dma_ctrl_addr_trans 18.0]
Progress: Parameterizing module Video_In_DMA_Addr_Translation
Progress: Adding Video_In_Subsystem [Video_In_Subsystem 1.0]
Progress: Parameterizing module Video_In_Subsystem
Progress: Adding clock_bridge_0 [altera_clock_bridge 18.1]
Progress: Parameterizing module clock_bridge_0
Progress: Adding pio_0 [altera_avalon_pio 18.1]
Progress: Parameterizing module pio_0
Progress: Building connections
Progress: Parameterizing connections
Progress: Validating
Progress: Done reading input file
Info: Computer_System.ARM_A9_HPS: HPS Main PLL counter settings: n = 0  m = 73
Info: Computer_System.ARM_A9_HPS: HPS peripherial PLL counter settings: n = 0  m = 39
Warning: Computer_System.ARM_A9_HPS: "Configuration/HPS-to-FPGA user 0 clock frequency" (desired_cfg_clk_mhz) requested 100.0 MHz, but only achieved 97.368421 MHz
Warning: Computer_System.ARM_A9_HPS: "QSPI clock frequency" (desired_qspi_clk_mhz) requested 400.0 MHz, but only achieved 370.0 MHz
Warning: Computer_System.ARM_A9_HPS: 1 or more output clock frequencies cannot be achieved precisely, consider revising desired output clock frequencies.
Warning: Computer_System.Pixel_DMA_Addr_Translation.master: Master needs a minimum address width of 3 bits (has 2)
Info: Computer_System.SDRAM: SDRAM Controller will only be supported in Quartus Prime Standard Edition in the future release.
Info: Computer_System.System_PLL: Refclk Freq: 50.0
Info: Computer_System.VGA_Subsystem.VGA_Char_Buffer: Character Resolution: 80 x 60
Info: Computer_System.VGA_Subsystem.VGA_Controller: Video Output Stream: Format: 640 x 480 with Color: 10 (bits) x 3 (planes) converted to 8 (bits) per color plane
Info: Computer_System.VGA_Subsystem.VGA_Pixel_RGB_Resampler: RGB Resampling: 8 (bits) x 1 (planes) -> 10 (bits) x 3 (planes)
Warning: Computer_System.VGA_Subsystem.VGA_Pixel_RGB_Resampler: VGA_Pixel_RGB_Resampler.avalon_rgb_slave must be connected to an Avalon-MM master
Warning: Computer_System.Video_In_DMA_Addr_Translation.master: Master needs a minimum address width of 3 bits (has 2)
Info: Computer_System.Video_In_Subsystem.Edge_Detection_Subsystem.Chroma_Filter: Chroma Resampling: 8 (bits) x 3 (planes) -> 8 (bits) x 1 (planes)
Info: Computer_System.Video_In_Subsystem.Edge_Detection_Subsystem.Chroma_Upsampler: Chroma Resampling: 8 (bits) x 1 (planes) -> 8 (bits) x 3 (planes)
Info: Computer_System.Video_In_Subsystem.Video_In: Video In Stream: Format: 720 x 244 (Odd Frames) or 720 x 243 (Even Frames) with Colour: 8 (bits) x 2 (planes) (YCrCb 4:2:2)
Info: Computer_System.Video_In_Subsystem.Video_In_CSC: Colour Space Conversion: 8 (bits) x 3 (planes) (444 YCrCb) -> 8 (bits) x 3 (planes) (24-bit RGB)
Info: Computer_System.Video_In_Subsystem.Video_In_Chroma_Resampler: Chroma Resampling: 8 (bits) x 2 (planes) -> 8 (bits) x 3 (planes)
Info: Computer_System.Video_In_Subsystem.Video_In_Clipper: Change in Resolution: 720 x 288 -> 640 x 200
Info: Computer_System.Video_In_Subsystem.Video_In_RGB_Resampler: RGB Resampling: 8 (bits) x 3 (planes) -> 8 (bits) x 1 (planes)
Warning: Computer_System.Video_In_Subsystem.Video_In_RGB_Resampler: Video_In_RGB_Resampler.avalon_rgb_slave must be connected to an Avalon-MM master
Info: Computer_System.pio_0: PIO inputs are not hardwired in test bench. Undefined values will be read from PIO inputs during simulation.
Info: qsys-generate succeeded.
Info: Finished: Create block symbol file (.bsf)
Info: 
Info: Starting: Create HDL design files for synthesis
Info: qsys-generate C:\Users\er495\stereo_vision\computer_15_640_video_mod\computer_15_640_video_mod\verilog\Computer_System.qsys --synthesis=VERILOG --output-directory=C:\Users\er495\stereo_vision\computer_15_640_video_mod\computer_15_640_video_mod\verilog\Video_In_Subsystem\synthesis --family="Cyclone V" --part=5CSEMA5F31C6
Progress: Loading verilog/Computer_System.qsys
Progress: Reading input file
Progress: Adding ARM_A9_HPS [altera_hps 18.1]
Progress: Parameterizing module ARM_A9_HPS
Progress: Adding AV_Config [altera_up_avalon_audio_and_video_config 18.0]
Progress: Parameterizing module AV_Config
Progress: Adding EBAB_video_in [altera_up_external_bus_to_avalon_bridge 18.0]
Progress: Parameterizing module EBAB_video_in
Progress: Adding Onchip_SRAM [altera_avalon_onchip_memory2 18.1]
Progress: Parameterizing module Onchip_SRAM
Progress: Adding Pixel_DMA_Addr_Translation [altera_up_avalon_video_dma_ctrl_addr_trans 18.0]
Progress: Parameterizing module Pixel_DMA_Addr_Translation
Progress: Adding SDRAM [altera_avalon_new_sdram_controller 18.1]
Progress: Parameterizing module SDRAM
Progress: Adding System_PLL [altera_up_avalon_sys_sdram_pll 18.0]
Progress: Parameterizing module System_PLL
Progress: Adding VGA_Subsystem [VGA_Subsystem 1.0]
Progress: Parameterizing module VGA_Subsystem
Progress: Adding Video_In_DMA_Addr_Translation [altera_up_avalon_video_dma_ctrl_addr_trans 18.0]
Progress: Parameterizing module Video_In_DMA_Addr_Translation
Progress: Adding Video_In_Subsystem [Video_In_Subsystem 1.0]
Progress: Parameterizing module Video_In_Subsystem
Progress: Adding clock_bridge_0 [altera_clock_bridge 18.1]
Progress: Parameterizing module clock_bridge_0
Progress: Adding pio_0 [altera_avalon_pio 18.1]
Progress: Parameterizing module pio_0
Progress: Building connections
Progress: Parameterizing connections
Progress: Validating
Progress: Done reading input file
Info: Computer_System.ARM_A9_HPS: HPS Main PLL counter settings: n = 0  m = 73
Info: Computer_System.ARM_A9_HPS: HPS peripherial PLL counter settings: n = 0  m = 39
Warning: Computer_System.ARM_A9_HPS: "Configuration/HPS-to-FPGA user 0 clock frequency" (desired_cfg_clk_mhz) requested 100.0 MHz, but only achieved 97.368421 MHz
Warning: Computer_System.ARM_A9_HPS: "QSPI clock frequency" (desired_qspi_clk_mhz) requested 400.0 MHz, but only achieved 370.0 MHz
Warning: Computer_System.ARM_A9_HPS: 1 or more output clock frequencies cannot be achieved precisely, consider revising desired output clock frequencies.
Warning: Computer_System.Pixel_DMA_Addr_Translation.master: Master needs a minimum address width of 3 bits (has 2)
Info: Computer_System.SDRAM: SDRAM Controller will only be supported in Quartus Prime Standard Edition in the future release.
Info: Computer_System.System_PLL: Refclk Freq: 50.0
Info: Computer_System.VGA_Subsystem.VGA_Char_Buffer: Character Resolution: 80 x 60
Info: Computer_System.VGA_Subsystem.VGA_Controller: Video Output Stream: Format: 640 x 480 with Color: 10 (bits) x 3 (planes) converted to 8 (bits) per color plane
Info: Computer_System.VGA_Subsystem.VGA_Pixel_RGB_Resampler: RGB Resampling: 8 (bits) x 1 (planes) -> 10 (bits) x 3 (planes)
Warning: Computer_System.VGA_Subsystem.VGA_Pixel_RGB_Resampler: VGA_Pixel_RGB_Resampler.avalon_rgb_slave must be connected to an Avalon-MM master
Warning: Computer_System.Video_In_DMA_Addr_Translation.master: Master needs a minimum address width of 3 bits (has 2)
Info: Computer_System.Video_In_Subsystem.Edge_Detection_Subsystem.Chroma_Filter: Chroma Resampling: 8 (bits) x 3 (planes) -> 8 (bits) x 1 (planes)
Info: Computer_System.Video_In_Subsystem.Edge_Detection_Subsystem.Chroma_Upsampler: Chroma Resampling: 8 (bits) x 1 (planes) -> 8 (bits) x 3 (planes)
Info: Computer_System.Video_In_Subsystem.Video_In: Video In Stream: Format: 720 x 244 (Odd Frames) or 720 x 243 (Even Frames) with Colour: 8 (bits) x 2 (planes) (YCrCb 4:2:2)
Info: Computer_System.Video_In_Subsystem.Video_In_CSC: Colour Space Conversion: 8 (bits) x 3 (planes) (444 YCrCb) -> 8 (bits) x 3 (planes) (24-bit RGB)
Info: Computer_System.Video_In_Subsystem.Video_In_Chroma_Resampler: Chroma Resampling: 8 (bits) x 2 (planes) -> 8 (bits) x 3 (planes)
Info: Computer_System.Video_In_Subsystem.Video_In_Clipper: Change in Resolution: 720 x 288 -> 640 x 200
Info: Computer_System.Video_In_Subsystem.Video_In_RGB_Resampler: RGB Resampling: 8 (bits) x 3 (planes) -> 8 (bits) x 1 (planes)
Warning: Computer_System.Video_In_Subsystem.Video_In_RGB_Resampler: Video_In_RGB_Resampler.avalon_rgb_slave must be connected to an Avalon-MM master
Info: Computer_System.pio_0: PIO inputs are not hardwired in test bench. Undefined values will be read from PIO inputs during simulation.
Info: Computer_System: Generating Computer_System "Computer_System" for QUARTUS_SYNTH
Info: Inserting clock-crossing logic between cmd_demux_002.src0 and cmd_mux.sink2
Info: Inserting clock-crossing logic between cmd_demux_002.src1 and cmd_mux_001.sink2
Info: Inserting clock-crossing logic between rsp_demux.src2 and rsp_mux_002.sink0
Info: Inserting clock-crossing logic between rsp_demux_001.src2 and rsp_mux_002.sink1
Info: Interconnect is inserted between master Pixel_DMA_Addr_Translation.master and slave VGA_Subsystem.pixel_dma_control_slave because the master has waitrequest signal 1 bit wide, but the slave is 0 bit wide.
Info: Interconnect is inserted between master Video_In_DMA_Addr_Translation.master and slave Video_In_Subsystem.video_in_dma_control_slave because the master has waitrequest signal 1 bit wide, but the slave is 0 bit wide.
Info: Interconnect is inserted between master Video_In_Subsystem.video_in_dma_master and slave Onchip_SRAM.s1 because the master has address signal 32 bit wide, but the slave is 18 bit wide.
Info: Interconnect is inserted between master Video_In_Subsystem.video_in_dma_master and slave Onchip_SRAM.s1 because the master has waitrequest signal 1 bit wide, but the slave is 0 bit wide.
Warning: ARM_A9_HPS.f2h_irq0: Cannot connect clock for irq_mapper.sender
Warning: ARM_A9_HPS.f2h_irq0: Cannot connect reset for irq_mapper.sender
Warning: ARM_A9_HPS.f2h_irq1: Cannot connect clock for irq_mapper_001.sender
Warning: ARM_A9_HPS.f2h_irq1: Cannot connect reset for irq_mapper_001.sender
Info: ARM_A9_HPS: "Running  for module: ARM_A9_HPS"
Info: ARM_A9_HPS: HPS Main PLL counter settings: n = 0  m = 73
Info: ARM_A9_HPS: HPS peripherial PLL counter settings: n = 0  m = 39
Warning: ARM_A9_HPS: "Configuration/HPS-to-FPGA user 0 clock frequency" (desired_cfg_clk_mhz) requested 100.0 MHz, but only achieved 97.368421 MHz
Warning: ARM_A9_HPS: "QSPI clock frequency" (desired_qspi_clk_mhz) requested 400.0 MHz, but only achieved 370.0 MHz
Warning: ARM_A9_HPS: 1 or more output clock frequencies cannot be achieved precisely, consider revising desired output clock frequencies.
Info: ARM_A9_HPS: "Computer_System" instantiated altera_hps "ARM_A9_HPS"
Info: AV_Config: Starting Generation of Audio and Video Config
Info: AV_Config: "Computer_System" instantiated altera_up_avalon_audio_and_video_config "AV_Config"
Info: EBAB_video_in: Starting Generation of External Bus to Avalon Bridge
Info: EBAB_video_in: "Computer_System" instantiated altera_up_external_bus_to_avalon_bridge "EBAB_video_in"
Info: Onchip_SRAM: Starting RTL generation for module 'Computer_System_Onchip_SRAM'
Info: Onchip_SRAM:   Generation command is [exec C:/programs/intelfpga/18.1/quartus/bin64/perl/bin/perl.exe -I C:/programs/intelfpga/18.1/quartus/bin64/perl/lib -I C:/programs/intelfpga/18.1/quartus/sopc_builder/bin/europa -I C:/programs/intelfpga/18.1/quartus/sopc_builder/bin/perl_lib -I C:/programs/intelfpga/18.1/quartus/sopc_builder/bin -I C:/programs/intelfpga/18.1/quartus/../ip/altera/sopc_builder_ip/common -I C:/programs/intelfpga/18.1/quartus/../ip/altera/sopc_builder_ip/altera_avalon_onchip_memory2 -- C:/programs/intelfpga/18.1/quartus/../ip/altera/sopc_builder_ip/altera_avalon_onchip_memory2/generate_rtl.pl --name=Computer_System_Onchip_SRAM --dir=C:/Users/er495/AppData/Local/Temp/alt0577_1800881040975834152.dir/0072_Onchip_SRAM_gen/ --quartus_dir=C:/programs/intelfpga/18.1/quartus --verilog --config=C:/Users/er495/AppData/Local/Temp/alt0577_1800881040975834152.dir/0072_Onchip_SRAM_gen//Computer_System_Onchip_SRAM_component_configuration.pl  --do_build_sim=0  ]
Info: Onchip_SRAM: Done RTL generation for module 'Computer_System_Onchip_SRAM'
Info: Onchip_SRAM: "Computer_System" instantiated altera_avalon_onchip_memory2 "Onchip_SRAM"
Info: Pixel_DMA_Addr_Translation: "Computer_System" instantiated altera_up_avalon_video_dma_ctrl_addr_trans "Pixel_DMA_Addr_Translation"
Info: SDRAM: Starting RTL generation for module 'Computer_System_SDRAM'
Info: SDRAM:   Generation command is [exec C:/programs/intelfpga/18.1/quartus/bin64/perl/bin/perl.exe -I C:/programs/intelfpga/18.1/quartus/bin64/perl/lib -I C:/programs/intelfpga/18.1/quartus/sopc_builder/bin/europa -I C:/programs/intelfpga/18.1/quartus/sopc_builder/bin/perl_lib -I C:/programs/intelfpga/18.1/quartus/sopc_builder/bin -I C:/programs/intelfpga/18.1/quartus/../ip/altera/sopc_builder_ip/common -I C:/programs/intelfpga/18.1/quartus/../ip/altera/sopc_builder_ip/altera_avalon_new_sdram_controller -- C:/programs/intelfpga/18.1/quartus/../ip/altera/sopc_builder_ip/altera_avalon_new_sdram_controller/generate_rtl.pl --name=Computer_System_SDRAM --dir=C:/Users/er495/AppData/Local/Temp/alt0577_1800881040975834152.dir/0074_SDRAM_gen/ --quartus_dir=C:/programs/intelfpga/18.1/quartus --verilog --config=C:/Users/er495/AppData/Local/Temp/alt0577_1800881040975834152.dir/0074_SDRAM_gen//Computer_System_SDRAM_component_configuration.pl  --do_build_sim=0  ]
Info: SDRAM: Done RTL generation for module 'Computer_System_SDRAM'
Info: SDRAM: "Computer_System" instantiated altera_avalon_new_sdram_controller "SDRAM"
Info: System_PLL: "Computer_System" instantiated altera_up_avalon_sys_sdram_pll "System_PLL"
Info: VGA_Subsystem: "Computer_System" instantiated VGA_Subsystem "VGA_Subsystem"
Info: Video_In_Subsystem: "Computer_System" instantiated Video_In_Subsystem "Video_In_Subsystem"
Info: pio_0: Starting RTL generation for module 'Computer_System_pio_0'
Info: pio_0:   Generation command is [exec C:/programs/intelfpga/18.1/quartus/bin64/perl/bin/perl.exe -I C:/programs/intelfpga/18.1/quartus/bin64/perl/lib -I C:/programs/intelfpga/18.1/quartus/sopc_builder/bin/europa -I C:/programs/intelfpga/18.1/quartus/sopc_builder/bin/perl_lib -I C:/programs/intelfpga/18.1/quartus/sopc_builder/bin -I C:/programs/intelfpga/18.1/quartus/../ip/altera/sopc_builder_ip/common -I C:/programs/intelfpga/18.1/quartus/../ip/altera/sopc_builder_ip/altera_avalon_pio -- C:/programs/intelfpga/18.1/quartus/../ip/altera/sopc_builder_ip/altera_avalon_pio/generate_rtl.pl --name=Computer_System_pio_0 --dir=C:/Users/er495/AppData/Local/Temp/alt0577_1800881040975834152.dir/0075_pio_0_gen/ --quartus_dir=C:/programs/intelfpga/18.1/quartus --verilog --config=C:/Users/er495/AppData/Local/Temp/alt0577_1800881040975834152.dir/0075_pio_0_gen//Computer_System_pio_0_component_configuration.pl  --do_build_sim=0  ]
Info: pio_0: Done RTL generation for module 'Computer_System_pio_0'
Info: pio_0: "Computer_System" instantiated altera_avalon_pio "pio_0"
Info: avalon_st_adapter: Inserting error_adapter: error_adapter_0
Info: avalon_st_adapter_001: Inserting error_adapter: error_adapter_0
Info: avalon_st_adapter_002: Inserting error_adapter: error_adapter_0
Info: mm_interconnect_0: "Computer_System" instantiated altera_mm_interconnect "mm_interconnect_0"
Info: avalon_st_adapter: Inserting error_adapter: error_adapter_0
Info: avalon_st_adapter_001: Inserting error_adapter: error_adapter_0
Info: avalon_st_adapter_002: Inserting error_adapter: error_adapter_0
Info: avalon_st_adapter_003: Inserting error_adapter: error_adapter_0
Info: avalon_st_adapter_004: Inserting error_adapter: error_adapter_0
Info: avalon_st_adapter_005: Inserting error_adapter: error_adapter_0
Info: mm_interconnect_1: "Computer_System" instantiated altera_mm_interconnect "mm_interconnect_1"
Info: mm_interconnect_2: "Computer_System" instantiated altera_mm_interconnect "mm_interconnect_2"
Info: mm_interconnect_3: "Computer_System" instantiated altera_mm_interconnect "mm_interconnect_3"
Info: mm_interconnect_4: "Computer_System" instantiated altera_mm_interconnect "mm_interconnect_4"
Info: irq_mapper: "Computer_System" instantiated altera_irq_mapper "irq_mapper"
Info: rst_controller: "Computer_System" instantiated altera_reset_controller "rst_controller"
Info: fpga_interfaces: "ARM_A9_HPS" instantiated altera_interface_generator "fpga_interfaces"
Info: hps_io: "ARM_A9_HPS" instantiated altera_hps_io "hps_io"
Info: sys_pll: "System_PLL" instantiated altera_pll "sys_pll"
Info: reset_from_locked: "System_PLL" instantiated altera_up_avalon_reset_from_locked_signal "reset_from_locked"
Info: VGA_Alpha_Blender: Starting Generation of the Alpha Blender
Info: VGA_Alpha_Blender: "VGA_Subsystem" instantiated altera_up_avalon_video_alpha_blender "VGA_Alpha_Blender"
Info: VGA_Char_Buffer: Starting Generation of Character Buffer
Info: VGA_Char_Buffer: "VGA_Subsystem" instantiated altera_up_avalon_video_character_buffer_with_dma "VGA_Char_Buffer"
Info: VGA_Controller: Starting Generation of VGA Controller
Info: VGA_Controller: "VGA_Subsystem" instantiated altera_up_avalon_video_vga_controller "VGA_Controller"
Info: VGA_Dual_Clock_FIFO: Starting Generation of the Dual Clock Buffer
Info: VGA_Dual_Clock_FIFO: "VGA_Subsystem" instantiated altera_up_avalon_video_dual_clock_buffer "VGA_Dual_Clock_FIFO"
Info: VGA_PLL: "VGA_Subsystem" instantiated altera_up_avalon_video_pll "VGA_PLL"
Info: VGA_Pixel_DMA: Starting Generation of VGA Pixel Buffer
Info: VGA_Pixel_DMA: "VGA_Subsystem" instantiated altera_up_avalon_video_pixel_buffer_dma "VGA_Pixel_DMA"
Info: VGA_Pixel_FIFO: Starting Generation of the Dual Clock Buffer
Info: VGA_Pixel_FIFO: "VGA_Subsystem" instantiated altera_up_avalon_video_dual_clock_buffer "VGA_Pixel_FIFO"
Info: VGA_Pixel_RGB_Resampler: Starting Generation of Video RGB Resampler
Info: VGA_Pixel_RGB_Resampler: "VGA_Subsystem" instantiated altera_up_avalon_video_rgb_resampler "VGA_Pixel_RGB_Resampler"
Info: Edge_Detection_Subsystem: "Video_In_Subsystem" instantiated Edge_Detection_Subsystem "Edge_Detection_Subsystem"
Info: Video_In: Starting Generation of Video In Decoder
Info: Video_In: "Video_In_Subsystem" instantiated altera_up_avalon_video_decoder "Video_In"
Info: Video_In_CSC: Starting Generation of Colour Space Converter
Info: Video_In_CSC: "Video_In_Subsystem" instantiated altera_up_avalon_video_csc "Video_In_CSC"
Info: Video_In_Chroma_Resampler: Starting Generation of Chroma Resampler
Info: Video_In_Chroma_Resampler: "Video_In_Subsystem" instantiated altera_up_avalon_video_chroma_resampler "Video_In_Chroma_Resampler"
Info: Video_In_Clipper: Starting generation of the video clipper
Info: Video_In_Clipper: "Video_In_Subsystem" instantiated altera_up_avalon_video_clipper "Video_In_Clipper"
Info: Video_In_DMA: Starting Generation of Video DMA Controller
Info: Video_In_DMA: "Video_In_Subsystem" instantiated altera_up_avalon_video_dma_controller "Video_In_DMA"
Info: Video_In_RGB_Resampler: Starting Generation of Video RGB Resampler
Info: Video_In_RGB_Resampler: "Video_In_Subsystem" instantiated altera_up_avalon_video_rgb_resampler "Video_In_RGB_Resampler"
Info: EBAB_video_in_avalon_master_translator: "mm_interconnect_0" instantiated altera_merlin_master_translator "EBAB_video_in_avalon_master_translator"
Info: SDRAM_s1_translator: "mm_interconnect_0" instantiated altera_merlin_slave_translator "SDRAM_s1_translator"
Info: ARM_A9_HPS_h2f_axi_master_agent: "mm_interconnect_0" instantiated altera_merlin_axi_master_ni "ARM_A9_HPS_h2f_axi_master_agent"
Info: EBAB_video_in_avalon_master_agent: "mm_interconnect_0" instantiated altera_merlin_master_agent "EBAB_video_in_avalon_master_agent"
Info: SDRAM_s1_agent: "mm_interconnect_0" instantiated altera_merlin_slave_agent "SDRAM_s1_agent"
Info: SDRAM_s1_agent_rsp_fifo: "mm_interconnect_0" instantiated altera_avalon_sc_fifo "SDRAM_s1_agent_rsp_fifo"
Info: router: "mm_interconnect_0" instantiated altera_merlin_router "router"
Info: router_002: "mm_interconnect_0" instantiated altera_merlin_router "router_002"
Info: router_003: "mm_interconnect_0" instantiated altera_merlin_router "router_003"
Info: router_004: "mm_interconnect_0" instantiated altera_merlin_router "router_004"
Info: router_005: "mm_interconnect_0" instantiated altera_merlin_router "router_005"
Info: router_006: "mm_interconnect_0" instantiated altera_merlin_router "router_006"
Info: ARM_A9_HPS_h2f_axi_master_wr_limiter: "mm_interconnect_0" instantiated altera_merlin_traffic_limiter "ARM_A9_HPS_h2f_axi_master_wr_limiter"
Info: Reusing file C:/Users/er495/stereo_vision/computer_15_640_video_mod/computer_15_640_video_mod/verilog/Video_In_Subsystem/synthesis/submodules/altera_avalon_sc_fifo.v
Info: SDRAM_s1_burst_adapter: "mm_interconnect_0" instantiated altera_merlin_burst_adapter "SDRAM_s1_burst_adapter"
Info: Reusing file C:/Users/er495/stereo_vision/computer_15_640_video_mod/computer_15_640_video_mod/verilog/Video_In_Subsystem/synthesis/submodules/altera_merlin_address_alignment.sv
Info: Reusing file C:/Users/er495/stereo_vision/computer_15_640_video_mod/computer_15_640_video_mod/verilog/Video_In_Subsystem/synthesis/submodules/altera_avalon_st_pipeline_base.v
Info: cmd_demux: "mm_interconnect_0" instantiated altera_merlin_demultiplexer "cmd_demux"
Info: cmd_demux_002: "mm_interconnect_0" instantiated altera_merlin_demultiplexer "cmd_demux_002"
Info: cmd_demux_003: "mm_interconnect_0" instantiated altera_merlin_demultiplexer "cmd_demux_003"
Info: cmd_mux: "mm_interconnect_0" instantiated altera_merlin_multiplexer "cmd_mux"
Info: cmd_mux_001: "mm_interconnect_0" instantiated altera_merlin_multiplexer "cmd_mux_001"
Info: Reusing file C:/Users/er495/stereo_vision/computer_15_640_video_mod/computer_15_640_video_mod/verilog/Video_In_Subsystem/synthesis/submodules/altera_merlin_arbitrator.sv
Info: cmd_mux_002: "mm_interconnect_0" instantiated altera_merlin_multiplexer "cmd_mux_002"
Info: Reusing file C:/Users/er495/stereo_vision/computer_15_640_video_mod/computer_15_640_video_mod/verilog/Video_In_Subsystem/synthesis/submodules/altera_merlin_arbitrator.sv
Info: rsp_demux: "mm_interconnect_0" instantiated altera_merlin_demultiplexer "rsp_demux"
Info: rsp_demux_002: "mm_interconnect_0" instantiated altera_merlin_demultiplexer "rsp_demux_002"
Info: rsp_mux: "mm_interconnect_0" instantiated altera_merlin_multiplexer "rsp_mux"
Info: Reusing file C:/Users/er495/stereo_vision/computer_15_640_video_mod/computer_15_640_video_mod/verilog/Video_In_Subsystem/synthesis/submodules/altera_merlin_arbitrator.sv
Info: rsp_mux_002: "mm_interconnect_0" instantiated altera_merlin_multiplexer "rsp_mux_002"
Info: Reusing file C:/Users/er495/stereo_vision/computer_15_640_video_mod/computer_15_640_video_mod/verilog/Video_In_Subsystem/synthesis/submodules/altera_merlin_arbitrator.sv
Info: rsp_mux_003: "mm_interconnect_0" instantiated altera_merlin_multiplexer "rsp_mux_003"
Info: Reusing file C:/Users/er495/stereo_vision/computer_15_640_video_mod/computer_15_640_video_mod/verilog/Video_In_Subsystem/synthesis/submodules/altera_merlin_arbitrator.sv
Info: ARM_A9_HPS_h2f_axi_master_wr_cmd_width_adapter: "mm_interconnect_0" instantiated altera_merlin_width_adapter "ARM_A9_HPS_h2f_axi_master_wr_cmd_width_adapter"
Info: Reusing file C:/Users/er495/stereo_vision/computer_15_640_video_mod/computer_15_640_video_mod/verilog/Video_In_Subsystem/synthesis/submodules/altera_merlin_address_alignment.sv
Info: Reusing file C:/Users/er495/stereo_vision/computer_15_640_video_mod/computer_15_640_video_mod/verilog/Video_In_Subsystem/synthesis/submodules/altera_merlin_burst_uncompressor.sv
Info: crosser: "mm_interconnect_0" instantiated altera_avalon_st_handshake_clock_crosser "crosser"
Info: Reusing file C:/Users/er495/stereo_vision/computer_15_640_video_mod/computer_15_640_video_mod/verilog/Video_In_Subsystem/synthesis/submodules/altera_avalon_st_pipeline_base.v
Info: avalon_st_adapter: "mm_interconnect_0" instantiated altera_avalon_st_adapter "avalon_st_adapter"
Info: router: "mm_interconnect_1" instantiated altera_merlin_router "router"
Info: router_002: "mm_interconnect_1" instantiated altera_merlin_router "router_002"
Info: cmd_demux: "mm_interconnect_1" instantiated altera_merlin_demultiplexer "cmd_demux"
Info: cmd_mux: "mm_interconnect_1" instantiated altera_merlin_multiplexer "cmd_mux"
Info: Reusing file C:/Users/er495/stereo_vision/computer_15_640_video_mod/computer_15_640_video_mod/verilog/Video_In_Subsystem/synthesis/submodules/altera_merlin_arbitrator.sv
Info: rsp_demux: "mm_interconnect_1" instantiated altera_merlin_demultiplexer "rsp_demux"
Info: rsp_mux: "mm_interconnect_1" instantiated altera_merlin_multiplexer "rsp_mux"
Info: Reusing file C:/Users/er495/stereo_vision/computer_15_640_video_mod/computer_15_640_video_mod/verilog/Video_In_Subsystem/synthesis/submodules/altera_merlin_arbitrator.sv
Info: avalon_st_adapter: "mm_interconnect_1" instantiated altera_avalon_st_adapter "avalon_st_adapter"
Info: border: "hps_io" instantiated altera_interface_generator "border"
Info: video_pll: "VGA_PLL" instantiated altera_pll "video_pll"
Info: Chroma_Filter: Starting Generation of Chroma Resampler
Info: Chroma_Filter: "Edge_Detection_Subsystem" instantiated altera_up_avalon_video_chroma_resampler "Chroma_Filter"
Info: Chroma_Upsampler: Starting Generation of Chroma Resampler
Info: Chroma_Upsampler: "Edge_Detection_Subsystem" instantiated altera_up_avalon_video_chroma_resampler "Chroma_Upsampler"
Info: Edge_Detection: Starting Generation of Video In Edge Detection
Info: Edge_Detection: "Edge_Detection_Subsystem" instantiated altera_up_avalon_video_edge_detection "Edge_Detection"
Info: Edge_Detection_Router_Controller: Starting RTL generation for module 'Computer_System_Video_In_Subsystem_Edge_Detection_Subsystem_Edge_Detection_Router_Controller'
Info: Edge_Detection_Router_Controller:   Generation command is [exec C:/programs/intelfpga/18.1/quartus/bin64/perl/bin/perl.exe -I C:/programs/intelfpga/18.1/quartus/bin64/perl/lib -I C:/programs/intelfpga/18.1/quartus/sopc_builder/bin/europa -I C:/programs/intelfpga/18.1/quartus/sopc_builder/bin/perl_lib -I C:/programs/intelfpga/18.1/quartus/sopc_builder/bin -I C:/programs/intelfpga/18.1/quartus/../ip/altera/sopc_builder_ip/common -I C:/programs/intelfpga/18.1/quartus/../ip/altera/sopc_builder_ip/altera_avalon_pio -- C:/programs/intelfpga/18.1/quartus/../ip/altera/sopc_builder_ip/altera_avalon_pio/generate_rtl.pl --name=Computer_System_Video_In_Subsystem_Edge_Detection_Subsystem_Edge_Detection_Router_Controller --dir=C:/Users/er495/AppData/Local/Temp/alt0577_1800881040975834152.dir/0132_Edge_Detection_Router_Controller_gen/ --quartus_dir=C:/programs/intelfpga/18.1/quartus --verilog --config=C:/Users/er495/AppData/Local/Temp/alt0577_1800881040975834152.dir/0132_Edge_Detection_Router_Controller_gen//Computer_System_Video_In_Subsystem_Edge_Detection_Subsystem_Edge_Detection_Router_Controller_component_configuration.pl  --do_build_sim=0  ]
Info: Edge_Detection_Router_Controller: Done RTL generation for module 'Computer_System_Video_In_Subsystem_Edge_Detection_Subsystem_Edge_Detection_Router_Controller'
Info: Edge_Detection_Router_Controller: "Edge_Detection_Subsystem" instantiated altera_avalon_pio "Edge_Detection_Router_Controller"
Info: Video_Stream_Merger: Starting Generation of Video In Stream Router
Info: Video_Stream_Merger: "Edge_Detection_Subsystem" instantiated altera_up_avalon_video_stream_router "Video_Stream_Merger"
Info: Video_Stream_Splitter: Starting Generation of Video In Stream Router
Info: Video_Stream_Splitter: "Edge_Detection_Subsystem" instantiated altera_up_avalon_video_stream_router "Video_Stream_Splitter"
Info: error_adapter_0: "avalon_st_adapter" instantiated error_adapter "error_adapter_0"
Info: error_adapter_0: "avalon_st_adapter" instantiated error_adapter "error_adapter_0"
Info: Computer_System: Done "Computer_System" with 82 modules, 184 files
Info: qsys-generate succeeded.
Info: Finished: Create HDL design files for synthesis
