Database Export report for DE1_SoC_Computer
Wed May 06 18:51:38 2026
Quartus Prime Version 18.1.0 Build 625 09/12/2018 SJ Lite Edition


---------------------
; Table of Contents ;
---------------------
  1. Legal Notice
  2. Database Export Summary
  3. Database Export Messages



----------------
; Legal Notice ;
----------------
Copyright (C) 2018  Intel Corporation. All rights reserved.
Your use of Intel Corporation's design tools, logic functions 
and other software and tools, and its AMPP partner logic 
functions, and any output files from any of the foregoing 
(including device programming or simulation files), and any 
associated documentation or information are expressly subject 
to the terms and conditions of the Intel Program License 
Subscription Agreement, the Intel Quartus Prime License Agreement,
the Intel FPGA IP License Agreement, or other applicable license
agreement, including, without limitation, that your use is for
the sole purpose of programming logic devices manufactured by
Intel and sold by Intel or its authorized distributors.  Please
refer to the applicable agreement for further details.



+----------------------------------------------------------------+
; Database Export Summary                                        ;
+------------------------+---------------------------------------+
; Database Export Status ; Successful - Wed May 06 18:51:38 2026 ;
; Revision Name          ; DE1_SoC_Computer                      ;
; Top-level Entity Name  ; DE1_SoC_Computer                      ;
; Family                 ; Cyclone V                             ;
; Device                 ; 5CSEMA5F31C6                          ;
+------------------------+---------------------------------------+


+--------------------------+
; Database Export Messages ;
+--------------------------+
Info: *******************************************************************
Info: Running Quartus Prime Database Export
    Info: Version 18.1.0 Build 625 09/12/2018 SJ Lite Edition
    Info: Processing started: Wed May 06 18:50:23 2026
Info: Command: quartus_cdb DE1_SoC_Computer -c DE1_SoC_Computer --export_database="C:/Users/ezrar/cornell-classes/Spring 2026/ECE 5760/stereo_vision/computer_15_640_video_mod/computer_15_640_video_mod/verilog/export_db"
Info (39038): Successfully exported the post-synthesis black-box database
Info (39038): Successfully exported the post-synthesis database
Info (39038): Successfully exported the post-fitter database
Info: Quartus Prime Database Export was successful. 0 errors, 0 warnings
    Info: Peak virtual memory: 5449 megabytes
    Info: Processing ended: Wed May 06 18:51:38 2026
    Info: Elapsed time: 00:01:15
    Info: Total CPU time (on all processors): 00:01:13


