Flow report for DE1_SoC_Computer
Thu Apr 16 15:03:04 2026
Quartus Prime Version 18.1.0 Build 625 09/12/2018 SJ Lite Edition


---------------------
; Table of Contents ;
---------------------
  1. Legal Notice
  2. Flow Summary
  3. Flow Settings
  4. Flow Non-Default Global Settings
  5. Flow Elapsed Time
  6. Flow OS Summary
  7. Flow Log
  8. Flow Messages
  9. Flow Suppressed Messages



----------------
; Legal Notice ;
----------------
Copyright (C) 2018  Intel Corporation. All rights reserved.
Your use of Intel Corporation's design tools, logic functions 
and other software and tools, and its AMPP partner logic 
functions, and any output files from any of the foregoing 
(including device programming or simulation files), and any 
associated documentation or information are expressly subject 
to the terms and conditions of the Intel Program License 
Subscription Agreement, the Intel Quartus Prime License Agreement,
the Intel FPGA IP License Agreement, or other applicable license
agreement, including, without limitation, that your use is for
the sole purpose of programming logic devices manufactured by
Intel and sold by Intel or its authorized distributors.  Please
refer to the applicable agreement for further details.



+-------------------------------------------------------------------------------+
; Flow Summary                                                                  ;
+---------------------------------+---------------------------------------------+
; Flow Status                     ; Successful - Thu Apr 16 15:02:34 2026       ;
; Quartus Prime Version           ; 18.1.0 Build 625 09/12/2018 SJ Lite Edition ;
; Revision Name                   ; DE1_SoC_Computer                            ;
; Top-level Entity Name           ; DE1_SoC_Computer                            ;
; Family                          ; Cyclone V                                   ;
; Device                          ; 5CSEMA5F31C6                                ;
; Timing Models                   ; Final                                       ;
; Logic utilization (in ALMs)     ; 3,379 / 32,070 ( 11 % )                     ;
; Total registers                 ; 5946                                        ;
; Total pins                      ; 368 / 457 ( 81 % )                          ;
; Total virtual pins              ; 0                                           ;
; Total block memory bits         ; 1,590,744 / 4,065,280 ( 39 % )              ;
; Total DSP Blocks                ; 11 / 87 ( 13 % )                            ;
; Total HSSI RX PCSs              ; 0                                           ;
; Total HSSI PMA RX Deserializers ; 0                                           ;
; Total HSSI TX PCSs              ; 0                                           ;
; Total HSSI PMA TX Serializers   ; 0                                           ;
; Total PLLs                      ; 2 / 6 ( 33 % )                              ;
; Total DLLs                      ; 1 / 4 ( 25 % )                              ;
+---------------------------------+---------------------------------------------+


+-----------------------------------------+
; Flow Settings                           ;
+-------------------+---------------------+
; Option            ; Setting             ;
+-------------------+---------------------+
; Start date & time ; 04/16/2026 14:56:01 ;
; Main task         ; Compilation         ;
; Revision Name     ; DE1_SoC_Computer    ;
+-------------------+---------------------+


+---------------------------------------------------------------------------------------------------------------------------------------------------------------------------------------------+
; Flow Non-Default Global Settings                                                                                                                                                            ;
+-------------------------------------+-------------------------------------------------------------------------------+---------------+------------------------------------------+------------+
; Assignment Name                     ; Value                                                                         ; Default Value ; Entity Name                              ; Section Id ;
+-------------------------------------+-------------------------------------------------------------------------------+---------------+------------------------------------------+------------+
; COMPILER_SIGNATURE_ID               ; 198915911224466.177636575825864                                               ; --            ; --                                       ; --         ;
; HPS_ISW_FILE                        ; Computer_System/synthesis/submodules/sequencer/alt_types.pre.h                ; --            ; Computer_System_ARM_A9_HPS_hps_io_border ; --         ;
; HPS_ISW_FILE                        ; Computer_System/synthesis/submodules/sequencer/emif.pre.xml                   ; --            ; Computer_System_ARM_A9_HPS_hps_io_border ; --         ;
; HPS_ISW_FILE                        ; Computer_System/synthesis/submodules/sequencer/sdram_io.pre.h                 ; --            ; Computer_System_ARM_A9_HPS_hps_io_border ; --         ;
; HPS_ISW_FILE                        ; Computer_System/synthesis/submodules/sequencer/sequencer.pre.c                ; --            ; Computer_System_ARM_A9_HPS_hps_io_border ; --         ;
; HPS_ISW_FILE                        ; Computer_System/synthesis/submodules/sequencer/sequencer.pre.h                ; --            ; Computer_System_ARM_A9_HPS_hps_io_border ; --         ;
; HPS_ISW_FILE                        ; Computer_System/synthesis/submodules/sequencer/sequencer_auto.pre.h           ; --            ; Computer_System_ARM_A9_HPS_hps_io_border ; --         ;
; HPS_ISW_FILE                        ; Computer_System/synthesis/submodules/sequencer/sequencer_auto_ac_init.pre.c   ; --            ; Computer_System_ARM_A9_HPS_hps_io_border ; --         ;
; HPS_ISW_FILE                        ; Computer_System/synthesis/submodules/sequencer/sequencer_auto_inst_init.pre.c ; --            ; Computer_System_ARM_A9_HPS_hps_io_border ; --         ;
; HPS_ISW_FILE                        ; Computer_System/synthesis/submodules/sequencer/sequencer_defines.pre.h        ; --            ; Computer_System_ARM_A9_HPS_hps_io_border ; --         ;
; HPS_ISW_FILE                        ; Computer_System/synthesis/submodules/sequencer/system.pre.h                   ; --            ; Computer_System_ARM_A9_HPS_hps_io_border ; --         ;
; HPS_ISW_FILE                        ; Computer_System/synthesis/submodules/sequencer/tclrpt.pre.c                   ; --            ; Computer_System_ARM_A9_HPS_hps_io_border ; --         ;
; HPS_ISW_FILE                        ; Computer_System/synthesis/submodules/sequencer/tclrpt.pre.h                   ; --            ; Computer_System_ARM_A9_HPS_hps_io_border ; --         ;
; HPS_ISW_FILE                        ; Computer_System/synthesis/submodules/hps.pre.xml                              ; --            ; Computer_System_ARM_A9_HPS_hps_io_border ; --         ;
; HPS_PARTITION                       ; On                                                                            ; --            ; Computer_System_ARM_A9_HPS_hps_io_border ; --         ;
; MAX_CORE_JUNCTION_TEMP              ; 85                                                                            ; --            ; --                                       ; --         ;
; MIN_CORE_JUNCTION_TEMP              ; 0                                                                             ; --            ; --                                       ; --         ;
; MISC_FILE                           ; Computer_System/synthesis/../Computer_System.cmp                              ; --            ; --                                       ; --         ;
; MISC_FILE                           ; Computer_System/synthesis/../../C                                             ; --            ; --                                       ; --         ;
; MISC_FILE                           ; Computer_System/synthesis/Computer_System_ARM_A9_HPS_hps.svd                  ; --            ; --                                       ; --         ;
; MISC_FILE                           ; Computer_System/synthesis/../../Computer_System.qsys                          ; --            ; --                                       ; --         ;
; MISC_FILE                           ; Computer_System/synthesis/submodules/sequencer/alt_types.pre.h                ; --            ; --                                       ; --         ;
; MISC_FILE                           ; Computer_System/synthesis/submodules/sequencer/emif.pre.xml                   ; --            ; --                                       ; --         ;
; MISC_FILE                           ; Computer_System/synthesis/submodules/sequencer/sdram_io.pre.h                 ; --            ; --                                       ; --         ;
; MISC_FILE                           ; Computer_System/synthesis/submodules/sequencer/sequencer.pre.c                ; --            ; --                                       ; --         ;
; MISC_FILE                           ; Computer_System/synthesis/submodules/sequencer/sequencer.pre.h                ; --            ; --                                       ; --         ;
; MISC_FILE                           ; Computer_System/synthesis/submodules/sequencer/sequencer_auto.pre.h           ; --            ; --                                       ; --         ;
; MISC_FILE                           ; Computer_System/synthesis/submodules/sequencer/sequencer_auto_ac_init.pre.c   ; --            ; --                                       ; --         ;
; MISC_FILE                           ; Computer_System/synthesis/submodules/sequencer/sequencer_auto_inst_init.pre.c ; --            ; --                                       ; --         ;
; MISC_FILE                           ; Computer_System/synthesis/submodules/sequencer/sequencer_defines.pre.h        ; --            ; --                                       ; --         ;
; MISC_FILE                           ; Computer_System/synthesis/submodules/sequencer/system.pre.h                   ; --            ; --                                       ; --         ;
; MISC_FILE                           ; Computer_System/synthesis/submodules/sequencer/tclrpt.pre.c                   ; --            ; --                                       ; --         ;
; MISC_FILE                           ; Computer_System/synthesis/submodules/sequencer/tclrpt.pre.h                   ; --            ; --                                       ; --         ;
; MISC_FILE                           ; Computer_System/synthesis/submodules/hps.pre.xml                              ; --            ; --                                       ; --         ;
; NUM_PARALLEL_PROCESSORS             ; All                                                                           ; --            ; --                                       ; --         ;
; PARTITION_COLOR                     ; -- (Not supported for targeted family)                                        ; --            ; --                                       ; Top        ;
; PARTITION_FITTER_PRESERVATION_LEVEL ; -- (Not supported for targeted family)                                        ; --            ; --                                       ; Top        ;
; PARTITION_NETLIST_TYPE              ; -- (Not supported for targeted family)                                        ; --            ; --                                       ; Top        ;
; POWER_BOARD_THERMAL_MODEL           ; None (CONSERVATIVE)                                                           ; --            ; --                                       ; --         ;
; POWER_PRESET_COOLING_SOLUTION       ; 23 MM HEAT SINK WITH 200 LFPM AIRFLOW                                         ; --            ; --                                       ; --         ;
; SLD_FILE                            ; Computer_System/synthesis/Computer_System.regmap                              ; --            ; --                                       ; --         ;
; SLD_FILE                            ; Computer_System/synthesis/Computer_System.debuginfo                           ; --            ; --                                       ; --         ;
; SLD_INFO                            ; QSYS_NAME Computer_System HAS_SOPCINFO 1 GENERATION_ID 1776365707             ; --            ; Computer_System                          ; --         ;
; SOPCINFO_FILE                       ; Computer_System/synthesis/../../Computer_System.sopcinfo                      ; --            ; --                                       ; --         ;
; SYNTHESIS_ONLY_QIP                  ; On                                                                            ; --            ; --                                       ; --         ;
+-------------------------------------+-------------------------------------------------------------------------------+---------------+------------------------------------------+------------+


+--------------------------------------------------------------------------------------------------------------------------+
; Flow Elapsed Time                                                                                                        ;
+----------------------+--------------+-------------------------+---------------------+------------------------------------+
; Module Name          ; Elapsed Time ; Average Processors Used ; Peak Virtual Memory ; Total CPU Time (on all processors) ;
+----------------------+--------------+-------------------------+---------------------+------------------------------------+
; Analysis & Synthesis ; 00:00:38     ; 6.0                     ; 5409 MB             ; 00:02:40                           ;
; Fitter               ; 00:03:35     ; 1.2                     ; 9060 MB             ; 00:31:40                           ;
; Assembler            ; 00:00:09     ; 1.0                     ; 4997 MB             ; 00:00:08                           ;
; Timing Analyzer      ; 00:00:29     ; 1.8                     ; 6067 MB             ; 00:00:46                           ;
; Total                ; 00:04:51     ; --                      ; --                  ; 00:35:14                           ;
+----------------------+--------------+-------------------------+---------------------+------------------------------------+


+------------------------------------------------------------------------------------+
; Flow OS Summary                                                                    ;
+----------------------+------------------+------------+------------+----------------+
; Module Name          ; Machine Hostname ; OS Name    ; OS Version ; Processor type ;
+----------------------+------------------+------------+------------+----------------+
; Analysis & Synthesis ; EN-EC-LPH238-14  ; Windows 10 ; 10.0       ; x86_64         ;
; Fitter               ; EN-EC-LPH238-14  ; Windows 10 ; 10.0       ; x86_64         ;
; Assembler            ; EN-EC-LPH238-14  ; Windows 10 ; 10.0       ; x86_64         ;
; Timing Analyzer      ; EN-EC-LPH238-14  ; Windows 10 ; 10.0       ; x86_64         ;
+----------------------+------------------+------------+------------+----------------+


------------
; Flow Log ;
------------
quartus_map --read_settings_files=on --write_settings_files=off DE1_SoC_Computer -c DE1_SoC_Computer
quartus_fit --read_settings_files=off --write_settings_files=off DE1_SoC_Computer -c DE1_SoC_Computer
quartus_asm --read_settings_files=off --write_settings_files=off DE1_SoC_Computer -c DE1_SoC_Computer
quartus_sta DE1_SoC_Computer -c DE1_SoC_Computer



